
============================================================
ARM K2
============================================================

----- K2 seed 0 -----
[arm K2] trainable=401,048 device=cuda decays=[0.0, 0.7, 0.95, 0.99] read=ON | session
  step   50/2500 loss=0.767 acc=0.809 ref=0.584 lit=1.000 read_sup=0.458 | ref_ema=0.460
  step  100/2500 loss=0.391 acc=0.859 ref=0.705 lit=1.000 read_sup=0.011 | ref_ema=0.643
  step  150/2500 loss=0.026 acc=0.996 ref=0.992 lit=1.000 read_sup=0.006 | ref_ema=0.886
  step  200/2500 loss=0.001 acc=1.000 ref=1.000 lit=1.000 read_sup=0.000 | ref_ema=0.991
  step  250/2500 loss=0.000 acc=1.000 ref=1.000 lit=1.000 read_sup=0.000 | ref_ema=0.999
  step  300/2500 loss=0.002 acc=0.999 ref=0.999 lit=1.000 read_sup=0.000 | ref_ema=1.000
  step  350/2500 loss=0.000 acc=1.000 ref=1.000 lit=1.000 read_sup=0.000 | ref_ema=1.000
  step  400/2500 loss=0.000 acc=1.000 ref=1.000 lit=1.000 read_sup=0.000 | ref_ema=1.000
  step  450/2500 loss=0.000 acc=1.000 ref=1.000 lit=1.000 read_sup=0.000 | ref_ema=1.000
  step  500/2500 loss=0.000 acc=1.000 ref=1.000 lit=1.000 read_sup=0.000 | ref_ema=1.000
  step  550/2500 loss=0.000 acc=1.000 ref=1.000 lit=1.000 read_sup=0.000 | ref_ema=1.000
  step  600/2500 loss=0.000 acc=1.000 ref=1.000 lit=1.000 read_sup=0.000 | ref_ema=1.000
  step  650/2500 loss=0.000 acc=1.000 ref=1.000 lit=1.000 read_sup=0.000 | ref_ema=1.000
  step  700/2500 loss=0.000 acc=1.000 ref=1.000 lit=1.000 read_sup=0.000 | ref_ema=1.000
  step  750/2500 loss=0.000 acc=1.000 ref=1.000 lit=1.000 read_sup=0.000 | ref_ema=1.000
  step  800/2500 loss=0.000 acc=1.000 ref=1.000 lit=1.000 read_sup=0.000 | ref_ema=1.000
  step  850/2500 loss=0.000 acc=1.000 ref=1.000 lit=1.000 read_sup=0.000 | ref_ema=1.000
  step  900/2500 loss=0.000 acc=1.000 ref=1.000 lit=1.000 read_sup=0.000 | ref_ema=1.000
  step  950/2500 loss=0.000 acc=1.000 ref=1.000 lit=1.000 read_sup=0.000 | ref_ema=1.000
  step 1000/2500 loss=0.000 acc=1.000 ref=1.000 lit=1.000 read_sup=0.000 | ref_ema=1.000
  step 1050/2500 loss=0.000 acc=1.000 ref=1.000 lit=1.000 read_sup=0.000 | ref_ema=1.000
  step 1100/2500 loss=0.000 acc=1.000 ref=1.000 lit=1.000 read_sup=0.000 | ref_ema=1.000
  step 1150/2500 loss=0.000 acc=1.000 ref=1.000 lit=1.000 read_sup=0.000 | ref_ema=1.000
  step 1200/2500 loss=0.000 acc=1.000 ref=1.000 lit=1.000 read_sup=0.000 | ref_ema=1.000
  step 1250/2500 loss=0.000 acc=1.000 ref=1.000 lit=1.000 read_sup=0.000 | ref_ema=1.000
  step 1300/2500 loss=0.000 acc=1.000 ref=1.000 lit=1.000 read_sup=0.000 | ref_ema=1.000
  step 1350/2500 loss=0.000 acc=1.000 ref=1.000 lit=1.000 read_sup=0.000 | ref_ema=1.000
  step 1400/2500 loss=0.000 acc=1.000 ref=1.000 lit=1.000 read_sup=0.000 | ref_ema=1.000
  step 1450/2500 loss=0.000 acc=1.000 ref=1.000 lit=1.000 read_sup=0.000 | ref_ema=1.000
  step 1500/2500 loss=0.000 acc=1.000 ref=1.000 lit=1.000 read_sup=0.000 | ref_ema=1.000
  step 1550/2500 loss=0.000 acc=1.000 ref=1.000 lit=1.000 read_sup=0.000 | ref_ema=1.000
  step 1600/2500 loss=0.000 acc=1.000 ref=1.000 lit=1.000 read_sup=0.000 | ref_ema=1.000
  step 1650/2500 loss=0.000 acc=1.000 ref=1.000 lit=1.000 read_sup=0.000 | ref_ema=1.000
  step 1700/2500 loss=0.000 acc=1.000 ref=1.000 lit=1.000 read_sup=0.000 | ref_ema=1.000
  step 1750/2500 loss=0.000 acc=1.000 ref=1.000 lit=1.000 read_sup=0.000 | ref_ema=1.000
  step 1800/2500 loss=0.000 acc=1.000 ref=1.000 lit=1.000 read_sup=0.000 | ref_ema=1.000
  step 1850/2500 loss=0.000 acc=1.000 ref=1.000 lit=1.000 read_sup=0.000 | ref_ema=1.000
  step 1900/2500 loss=0.000 acc=1.000 ref=1.000 lit=1.000 read_sup=0.000 | ref_ema=1.000
  step 1950/2500 loss=0.001 acc=1.000 ref=1.000 lit=1.000 read_sup=0.000 | ref_ema=0.986
  step 2000/2500 loss=0.000 acc=1.000 ref=1.000 lit=1.000 read_sup=0.000 | ref_ema=0.999
  step 2050/2500 loss=0.000 acc=1.000 ref=1.000 lit=1.000 read_sup=0.000 | ref_ema=1.000
  step 2100/2500 loss=0.000 acc=1.000 ref=1.000 lit=1.000 read_sup=0.000 | ref_ema=1.000
  step 2150/2500 loss=0.000 acc=1.000 ref=1.000 lit=1.000 read_sup=0.000 | ref_ema=1.000
  step 2200/2500 loss=0.000 acc=1.000 ref=1.000 lit=1.000 read_sup=0.000 | ref_ema=1.000
  step 2250/2500 loss=0.000 acc=1.000 ref=1.000 lit=1.000 read_sup=0.000 | ref_ema=1.000
  step 2300/2500 loss=0.000 acc=1.000 ref=1.000 lit=1.000 read_sup=0.000 | ref_ema=1.000
  step 2350/2500 loss=0.000 acc=1.000 ref=1.000 lit=1.000 read_sup=0.000 | ref_ema=1.000
  step 2400/2500 loss=0.000 acc=1.000 ref=1.000 lit=1.000 read_sup=0.000 | ref_ema=1.000
  step 2450/2500 loss=0.000 acc=1.000 ref=1.000 lit=1.000 read_sup=0.000 | ref_ema=1.000
  step 2500/2500 loss=0.000 acc=1.000 ref=1.000 lit=1.000 read_sup=0.000 | ref_ema=1.000
[arm K2] lit_acc=1.000 ref_acc=1.000 (chance 0.10) delay={1: 1.0, 2: 1.0, 3: 1.0, 4: 1.0}
    layer γ=0.0: Δ1:0.35, Δ2:0.09, Δ3:0.13, Δ4:0.10
    layer γ=0.7: Δ1:0.98, Δ2:0.23, Δ3:0.25, Δ4:0.27
    layer γ=0.95: Δ1:0.78, Δ2:0.49, Δ3:0.40, Δ4:0.35
    layer γ=0.99: Δ1:1.00, Δ2:1.00, Δ3:1.00, Δ4:1.00

----- K2 seed 1 -----
[arm K2] trainable=401,048 device=cuda decays=[0.0, 0.7, 0.95, 0.99] read=ON | session
  step   50/2500 loss=0.912 acc=0.826 ref=0.615 lit=1.000 read_sup=0.907 | ref_ema=0.456
  step  100/2500 loss=0.046 acc=0.995 ref=0.991 lit=1.000 read_sup=0.025 | ref_ema=0.792
  step  150/2500 loss=0.001 acc=1.000 ref=1.000 lit=1.000 read_sup=0.000 | ref_ema=0.983
  step  200/2500 loss=0.001 acc=1.000 ref=1.000 lit=1.000 read_sup=0.000 | ref_ema=0.999
  step  250/2500 loss=0.000 acc=1.000 ref=1.000 lit=1.000 read_sup=0.000 | ref_ema=1.000
  step  300/2500 loss=0.000 acc=1.000 ref=1.000 lit=1.000 read_sup=0.000 | ref_ema=1.000
  step  350/2500 loss=0.000 acc=1.000 ref=1.000 lit=1.000 read_sup=0.000 | ref_ema=1.000
  step  400/2500 loss=0.000 acc=1.000 ref=1.000 lit=1.000 read_sup=0.000 | ref_ema=1.000
  step  450/2500 loss=0.000 acc=1.000 ref=1.000 lit=1.000 read_sup=0.000 | ref_ema=1.000
  step  500/2500 loss=0.000 acc=1.000 ref=1.000 lit=1.000 read_sup=0.000 | ref_ema=1.000
  step  550/2500 loss=0.000 acc=1.000 ref=1.000 lit=1.000 read_sup=0.000 | ref_ema=1.000
  step  600/2500 loss=0.000 acc=1.000 ref=1.000 lit=1.000 read_sup=0.000 | ref_ema=1.000
  step  650/2500 loss=0.000 acc=1.000 ref=1.000 lit=1.000 read_sup=0.000 | ref_ema=1.000
  step  700/2500 loss=0.000 acc=1.000 ref=1.000 lit=1.000 read_sup=0.000 | ref_ema=1.000
  step  750/2500 loss=0.000 acc=1.000 ref=1.000 lit=1.000 read_sup=0.000 | ref_ema=1.000
  step  800/2500 loss=0.000 acc=1.000 ref=1.000 lit=1.000 read_sup=0.000 | ref_ema=1.000
  step  850/2500 loss=0.000 acc=1.000 ref=1.000 lit=1.000 read_sup=0.000 | ref_ema=1.000
  step  900/2500 loss=0.000 acc=1.000 ref=1.000 lit=1.000 read_sup=0.000 | ref_ema=1.000
  step  950/2500 loss=0.000 acc=1.000 ref=1.000 lit=1.000 read_sup=0.000 | ref_ema=1.000
  step 1000/2500 loss=0.000 acc=1.000 ref=1.000 lit=1.000 read_sup=0.000 | ref_ema=1.000
  step 1050/2500 loss=0.000 acc=1.000 ref=1.000 lit=1.000 read_sup=0.000 | ref_ema=1.000
  step 1100/2500 loss=0.000 acc=1.000 ref=1.000 lit=1.000 read_sup=0.000 | ref_ema=1.000
  step 1150/2500 loss=0.000 acc=1.000 ref=1.000 lit=1.000 read_sup=0.000 | ref_ema=1.000
  step 1200/2500 loss=0.000 acc=1.000 ref=1.000 lit=1.000 read_sup=0.000 | ref_ema=1.000
  step 1250/2500 loss=0.000 acc=1.000 ref=1.000 lit=1.000 read_sup=0.000 | ref_ema=1.000
  step 1300/2500 loss=0.000 acc=1.000 ref=1.000 lit=1.000 read_sup=0.000 | ref_ema=1.000
  step 1350/2500 loss=0.000 acc=1.000 ref=1.000 lit=1.000 read_sup=0.000 | ref_ema=1.000
  step 1400/2500 loss=0.000 acc=1.000 ref=1.000 lit=1.000 read_sup=0.000 | ref_ema=1.000
  step 1450/2500 loss=0.000 acc=1.000 ref=1.000 lit=1.000 read_sup=0.000 | ref_ema=1.000
  step 1500/2500 loss=0.000 acc=1.000 ref=1.000 lit=1.000 read_sup=0.000 | ref_ema=1.000
  step 1550/2500 loss=0.000 acc=1.000 ref=1.000 lit=1.000 read_sup=0.000 | ref_ema=1.000
  step 1600/2500 loss=0.000 acc=1.000 ref=1.000 lit=1.000 read_sup=0.000 | ref_ema=1.000
  step 1650/2500 loss=0.000 acc=1.000 ref=1.000 lit=1.000 read_sup=0.000 | ref_ema=1.000
  step 1700/2500 loss=0.000 acc=1.000 ref=1.000 lit=1.000 read_sup=0.000 | ref_ema=1.000
  step 1750/2500 loss=0.000 acc=1.000 ref=1.000 lit=1.000 read_sup=0.000 | ref_ema=1.000
  step 1800/2500 loss=0.000 acc=1.000 ref=1.000 lit=1.000 read_sup=0.000 | ref_ema=1.000
  step 1850/2500 loss=0.000 acc=1.000 ref=1.000 lit=1.000 read_sup=0.000 | ref_ema=1.000
  step 1900/2500 loss=0.000 acc=1.000 ref=1.000 lit=1.000 read_sup=0.000 | ref_ema=1.000
  step 1950/2500 loss=0.000 acc=1.000 ref=1.000 lit=1.000 read_sup=0.000 | ref_ema=1.000
  step 2000/2500 loss=0.000 acc=1.000 ref=1.000 lit=1.000 read_sup=0.000 | ref_ema=1.000
  step 2050/2500 loss=0.000 acc=1.000 ref=1.000 lit=1.000 read_sup=0.000 | ref_ema=1.000
  step 2100/2500 loss=0.000 acc=1.000 ref=1.000 lit=1.000 read_sup=0.000 | ref_ema=1.000
  step 2150/2500 loss=0.000 acc=1.000 ref=1.000 lit=1.000 read_sup=0.000 | ref_ema=1.000
  step 2200/2500 loss=0.000 acc=1.000 ref=1.000 lit=1.000 read_sup=0.000 | ref_ema=1.000
  step 2250/2500 loss=0.000 acc=1.000 ref=1.000 lit=1.000 read_sup=0.000 | ref_ema=1.000
  step 2300/2500 loss=0.000 acc=1.000 ref=1.000 lit=1.000 read_sup=0.000 | ref_ema=1.000
  step 2350/2500 loss=0.000 acc=1.000 ref=1.000 lit=1.000 read_sup=0.000 | ref_ema=1.000
  step 2400/2500 loss=0.000 acc=1.000 ref=1.000 lit=1.000 read_sup=0.000 | ref_ema=1.000
  step 2450/2500 loss=0.000 acc=1.000 ref=1.000 lit=1.000 read_sup=0.000 | ref_ema=1.000
  step 2500/2500 loss=0.000 acc=1.000 ref=1.000 lit=1.000 read_sup=0.000 | ref_ema=1.000
[arm K2] lit_acc=1.000 ref_acc=1.000 (chance 0.10) delay={1: 1.0, 2: 1.0, 3: 1.0, 4: 1.0}
    layer γ=0.0: Δ1:0.16, Δ2:0.15, Δ3:0.14, Δ4:0.10
    layer γ=0.7: Δ1:0.55, Δ2:0.16, Δ3:0.14, Δ4:0.07
    layer γ=0.95: Δ1:0.28, Δ2:0.14, Δ3:0.19, Δ4:0.11
    layer γ=0.99: Δ1:1.00, Δ2:1.00, Δ3:1.00, Δ4:1.00

----- K2 seed 2 -----
[arm K2] trainable=401,048 device=cuda decays=[0.0, 0.7, 0.95, 0.99] read=ON | session
  step   50/2500 loss=0.949 acc=0.811 ref=0.572 lit=1.000 read_sup=0.803 | ref_ema=0.430
  step  100/2500 loss=0.023 acc=0.997 ref=0.994 lit=1.000 read_sup=0.014 | ref_ema=0.837
  step  150/2500 loss=0.002 acc=1.000 ref=1.000 lit=1.000 read_sup=0.001 | ref_ema=0.987
  step  200/2500 loss=0.001 acc=1.000 ref=1.000 lit=1.000 read_sup=0.001 | ref_ema=0.999
  step  250/2500 loss=0.001 acc=1.000 ref=1.000 lit=1.000 read_sup=0.000 | ref_ema=1.000
  step  300/2500 loss=0.000 acc=1.000 ref=1.000 lit=1.000 read_sup=0.000 | ref_ema=1.000
  step  350/2500 loss=0.000 acc=1.000 ref=1.000 lit=1.000 read_sup=0.000 | ref_ema=1.000
  step  400/2500 loss=0.000 acc=1.000 ref=1.000 lit=1.000 read_sup=0.000 | ref_ema=1.000
  step  450/2500 loss=0.000 acc=1.000 ref=1.000 lit=1.000 read_sup=0.000 | ref_ema=1.000
  step  500/2500 loss=0.000 acc=1.000 ref=1.000 lit=1.000 read_sup=0.000 | ref_ema=1.000
  step  550/2500 loss=0.000 acc=1.000 ref=1.000 lit=1.000 read_sup=0.000 | ref_ema=1.000
  step  600/2500 loss=0.000 acc=1.000 ref=1.000 lit=1.000 read_sup=0.000 | ref_ema=1.000
  step  650/2500 loss=0.000 acc=1.000 ref=1.000 lit=1.000 read_sup=0.000 | ref_ema=1.000
  step  700/2500 loss=0.000 acc=1.000 ref=1.000 lit=1.000 read_sup=0.000 | ref_ema=1.000
  step  750/2500 loss=0.000 acc=1.000 ref=1.000 lit=1.000 read_sup=0.000 | ref_ema=1.000
  step  800/2500 loss=0.000 acc=1.000 ref=1.000 lit=1.000 read_sup=0.000 | ref_ema=1.000
  step  850/2500 loss=0.000 acc=1.000 ref=1.000 lit=1.000 read_sup=0.000 | ref_ema=1.000
  step  900/2500 loss=0.000 acc=1.000 ref=1.000 lit=1.000 read_sup=0.000 | ref_ema=1.000
  step  950/2500 loss=0.000 acc=1.000 ref=1.000 lit=1.000 read_sup=0.000 | ref_ema=1.000
  step 1000/2500 loss=0.000 acc=1.000 ref=1.000 lit=1.000 read_sup=0.000 | ref_ema=1.000
  step 1050/2500 loss=0.000 acc=1.000 ref=1.000 lit=1.000 read_sup=0.000 | ref_ema=1.000
  step 1100/2500 loss=0.000 acc=1.000 ref=1.000 lit=1.000 read_sup=0.000 | ref_ema=1.000
  step 1150/2500 loss=0.000 acc=1.000 ref=1.000 lit=1.000 read_sup=0.000 | ref_ema=1.000
  step 1200/2500 loss=0.000 acc=1.000 ref=1.000 lit=1.000 read_sup=0.000 | ref_ema=1.000
  step 1250/2500 loss=0.000 acc=1.000 ref=1.000 lit=1.000 read_sup=0.000 | ref_ema=1.000
  step 1300/2500 loss=0.000 acc=1.000 ref=1.000 lit=1.000 read_sup=0.000 | ref_ema=1.000
  step 1350/2500 loss=0.000 acc=1.000 ref=1.000 lit=1.000 read_sup=0.000 | ref_ema=1.000
  step 1400/2500 loss=0.000 acc=1.000 ref=1.000 lit=1.000 read_sup=0.000 | ref_ema=1.000
  step 1450/2500 loss=0.000 acc=1.000 ref=1.000 lit=1.000 read_sup=0.000 | ref_ema=1.000
  step 1500/2500 loss=0.000 acc=1.000 ref=1.000 lit=1.000 read_sup=0.000 | ref_ema=1.000
  step 1550/2500 loss=0.000 acc=1.000 ref=1.000 lit=1.000 read_sup=0.000 | ref_ema=1.000
  step 1600/2500 loss=0.000 acc=1.000 ref=1.000 lit=1.000 read_sup=0.000 | ref_ema=1.000
  step 1650/2500 loss=0.000 acc=1.000 ref=1.000 lit=1.000 read_sup=0.000 | ref_ema=1.000
  step 1700/2500 loss=0.000 acc=1.000 ref=1.000 lit=1.000 read_sup=0.000 | ref_ema=1.000
  step 1750/2500 loss=0.000 acc=1.000 ref=1.000 lit=1.000 read_sup=0.000 | ref_ema=1.000
  step 1800/2500 loss=0.000 acc=1.000 ref=1.000 lit=1.000 read_sup=0.000 | ref_ema=1.000
  step 1850/2500 loss=0.000 acc=1.000 ref=1.000 lit=1.000 read_sup=0.000 | ref_ema=1.000
  step 1900/2500 loss=0.000 acc=1.000 ref=1.000 lit=1.000 read_sup=0.000 | ref_ema=1.000
  step 1950/2500 loss=0.000 acc=1.000 ref=1.000 lit=1.000 read_sup=0.000 | ref_ema=1.000
  step 2000/2500 loss=0.000 acc=1.000 ref=1.000 lit=1.000 read_sup=0.000 | ref_ema=1.000
  step 2050/2500 loss=0.000 acc=1.000 ref=1.000 lit=1.000 read_sup=0.000 | ref_ema=1.000
  step 2100/2500 loss=0.000 acc=1.000 ref=1.000 lit=1.000 read_sup=0.000 | ref_ema=1.000
  step 2150/2500 loss=0.000 acc=1.000 ref=1.000 lit=1.000 read_sup=0.000 | ref_ema=1.000
  step 2200/2500 loss=0.000 acc=1.000 ref=1.000 lit=1.000 read_sup=0.000 | ref_ema=1.000
  step 2250/2500 loss=0.000 acc=1.000 ref=1.000 lit=1.000 read_sup=0.000 | ref_ema=1.000
  step 2300/2500 loss=0.000 acc=1.000 ref=1.000 lit=1.000 read_sup=0.000 | ref_ema=1.000
  step 2350/2500 loss=0.000 acc=1.000 ref=1.000 lit=1.000 read_sup=0.000 | ref_ema=1.000
  step 2400/2500 loss=0.000 acc=1.000 ref=1.000 lit=1.000 read_sup=0.000 | ref_ema=1.000
  step 2450/2500 loss=0.000 acc=1.000 ref=1.000 lit=1.000 read_sup=0.000 | ref_ema=1.000
  step 2500/2500 loss=0.000 acc=1.000 ref=1.000 lit=1.000 read_sup=0.000 | ref_ema=1.000
[arm K2] lit_acc=1.000 ref_acc=1.000 (chance 0.10) delay={1: 1.0, 2: 1.0, 3: 1.0, 4: 1.0}
    layer γ=0.0: Δ1:0.21, Δ2:0.08, Δ3:0.14, Δ4:0.12
    layer γ=0.7: Δ1:1.00, Δ2:0.33, Δ3:0.30, Δ4:0.20
    layer γ=0.95: Δ1:0.90, Δ2:0.49, Δ3:0.42, Δ4:0.31
    layer γ=0.99: Δ1:1.00, Δ2:1.00, Δ3:1.00, Δ4:1.00
[arm K2] 3-seed ref_acc=1.000±0.000

wrote agi_demo/outputs/p5a/ovw_delta_K2/metrics.json
wrote figures to agi_demo/outputs/p5a/ovw_delta_K2/

============================================================
SUMMARY (session)
============================================================
arm K2: ref_acc=1.00 lit_acc=1.00 (chance 0.10)
Reading: K1/K2 ref_acc >> chance ⇒ the native kernel USES memory (Proj-3 got 0.10). K0 (read severed) ≈ chance ⇒ it's the associative READ that matters.
