
============================================================
ARM K1
============================================================
[arm K1] trainable=401,304 device=cuda decays=[0.0, 0.7, 0.95, 0.99] | arith curriculum
  step   50/8000 hops=1 loss=2.364 proc=2.348 | ema_acc=0.062 maxhop=1 lvl=0.10
  step  100/8000 hops=1 loss=2.043 proc=2.005 | ema_acc=0.160 maxhop=1 lvl=0.26
  step  150/8000 hops=1 loss=1.201 proc=1.529 | ema_acc=0.338 maxhop=1 lvl=0.49
  step  200/8000 hops=1 loss=0.443 proc=0.782 | ema_acc=0.617 maxhop=1 lvl=0.84
  >> advance hops 1->2 at step 202 (competent, lvl_acc=0.85)
  step  250/8000 hops=2 loss=2.555 proc=1.920 | ema_acc=0.354 maxhop=2 lvl=0.09
  step  300/8000 hops=2 loss=2.382 proc=1.820 | ema_acc=0.281 maxhop=2 lvl=0.15
  step  350/8000 hops=1 loss=1.530 proc=1.353 | ema_acc=0.264 maxhop=2 lvl=0.18
  step  400/8000 hops=2 loss=1.935 proc=1.494 | ema_acc=0.290 maxhop=2 lvl=0.22
  step  450/8000 hops=2 loss=1.792 proc=1.481 | ema_acc=0.294 maxhop=2 lvl=0.26
  step  500/8000 hops=2 loss=1.814 proc=1.480 | ema_acc=0.301 maxhop=2 lvl=0.27
  step  550/8000 hops=2 loss=1.801 proc=1.441 | ema_acc=0.324 maxhop=2 lvl=0.28
  step  600/8000 hops=1 loss=1.465 proc=0.962 | ema_acc=0.346 maxhop=2 lvl=0.27
  step  650/8000 hops=1 loss=1.074 proc=0.907 | ema_acc=0.339 maxhop=2 lvl=0.26
  step  700/8000 hops=2 loss=1.665 proc=1.239 | ema_acc=0.364 maxhop=2 lvl=0.30
  step  750/8000 hops=2 loss=1.683 proc=1.272 | ema_acc=0.379 maxhop=2 lvl=0.28
  step  800/8000 hops=2 loss=1.538 proc=1.163 | ema_acc=0.368 maxhop=2 lvl=0.31
  step  850/8000 hops=1 loss=0.885 proc=0.708 | ema_acc=0.356 maxhop=2 lvl=0.29
  step  900/8000 hops=2 loss=1.596 proc=1.157 | ema_acc=0.363 maxhop=2 lvl=0.30
  step  950/8000 hops=1 loss=0.731 proc=0.655 | ema_acc=0.413 maxhop=2 lvl=0.32
  step 1000/8000 hops=1 loss=0.804 proc=0.627 | ema_acc=0.410 maxhop=2 lvl=0.32
  >> advance hops 2->3 at step 1002 (patience, lvl_acc=0.32)
  step 1050/8000 hops=3 loss=2.000 proc=1.531 | ema_acc=0.331 maxhop=3 lvl=0.16
  step 1100/8000 hops=3 loss=1.910 proc=1.461 | ema_acc=0.286 maxhop=3 lvl=0.19
  step 1150/8000 hops=3 loss=1.794 proc=1.475 | ema_acc=0.284 maxhop=3 lvl=0.21
  step 1200/8000 hops=3 loss=1.695 proc=1.327 | ema_acc=0.308 maxhop=3 lvl=0.22
  step 1250/8000 hops=3 loss=1.754 proc=1.312 | ema_acc=0.301 maxhop=3 lvl=0.20
  step 1300/8000 hops=3 loss=1.783 proc=1.351 | ema_acc=0.330 maxhop=3 lvl=0.21
  step 1350/8000 hops=3 loss=1.872 proc=1.445 | ema_acc=0.340 maxhop=3 lvl=0.21
  step 1400/8000 hops=1 loss=0.676 proc=0.605 | ema_acc=0.354 maxhop=3 lvl=0.22
  step 1450/8000 hops=1 loss=0.633 proc=0.551 | ema_acc=0.347 maxhop=3 lvl=0.21
  step 1500/8000 hops=3 loss=1.766 proc=1.242 | ema_acc=0.313 maxhop=3 lvl=0.21
  step 1550/8000 hops=2 loss=1.628 proc=1.062 | ema_acc=0.288 maxhop=3 lvl=0.21
  step 1600/8000 hops=1 loss=0.710 proc=0.610 | ema_acc=0.295 maxhop=3 lvl=0.21
  step 1650/8000 hops=3 loss=1.741 proc=1.217 | ema_acc=0.332 maxhop=3 lvl=0.22
  step 1700/8000 hops=3 loss=1.733 proc=1.227 | ema_acc=0.352 maxhop=3 lvl=0.22
  step 1750/8000 hops=3 loss=1.743 proc=1.266 | ema_acc=0.328 maxhop=3 lvl=0.21
  step 1800/8000 hops=1 loss=0.705 proc=0.478 | ema_acc=0.311 maxhop=3 lvl=0.22
  >> advance hops 3->4 at step 1802 (patience, lvl_acc=0.21)
  step 1850/8000 hops=4 loss=2.021 proc=1.386 | ema_acc=0.277 maxhop=4 lvl=0.18
  step 1900/8000 hops=4 loss=2.266 proc=1.437 | ema_acc=0.317 maxhop=4 lvl=0.18
  step 1950/8000 hops=4 loss=1.908 proc=1.339 | ema_acc=0.286 maxhop=4 lvl=0.18
  step 2000/8000 hops=1 loss=0.652 proc=0.346 | ema_acc=0.300 maxhop=4 lvl=0.19
  step 2050/8000 hops=4 loss=1.830 proc=1.383 | ema_acc=0.288 maxhop=4 lvl=0.19
  step 2100/8000 hops=4 loss=1.838 proc=1.380 | ema_acc=0.275 maxhop=4 lvl=0.20
  step 2150/8000 hops=4 loss=1.808 proc=1.310 | ema_acc=0.291 maxhop=4 lvl=0.21
  step 2200/8000 hops=2 loss=1.562 proc=0.869 | ema_acc=0.267 maxhop=4 lvl=0.20
  step 2250/8000 hops=4 loss=1.756 proc=1.333 | ema_acc=0.274 maxhop=4 lvl=0.21
  step 2300/8000 hops=4 loss=1.746 proc=1.219 | ema_acc=0.284 maxhop=4 lvl=0.19
  step 2350/8000 hops=3 loss=1.765 proc=1.143 | ema_acc=0.302 maxhop=4 lvl=0.19
  step 2400/8000 hops=3 loss=1.760 proc=1.201 | ema_acc=0.331 maxhop=4 lvl=0.21
  step 2450/8000 hops=4 loss=1.772 proc=1.224 | ema_acc=0.369 maxhop=4 lvl=0.21
  step 2500/8000 hops=3 loss=1.720 proc=1.112 | ema_acc=0.339 maxhop=4 lvl=0.20
  step 2550/8000 hops=1 loss=0.213 proc=0.159 | ema_acc=0.385 maxhop=4 lvl=0.20
  step 2600/8000 hops=2 loss=1.485 proc=0.786 | ema_acc=0.352 maxhop=4 lvl=0.20
  step 2650/8000 hops=1 loss=0.166 proc=0.118 | ema_acc=0.313 maxhop=4 lvl=0.20
  step 2700/8000 hops=4 loss=1.767 proc=1.242 | ema_acc=0.280 maxhop=4 lvl=0.21
  step 2750/8000 hops=1 loss=0.598 proc=0.474 | ema_acc=0.309 maxhop=4 lvl=0.20
  step 2800/8000 hops=2 loss=1.531 proc=0.793 | ema_acc=0.274 maxhop=4 lvl=0.21
  step 2850/8000 hops=4 loss=1.754 proc=1.260 | ema_acc=0.277 maxhop=4 lvl=0.20
  step 2900/8000 hops=3 loss=1.708 proc=1.063 | ema_acc=0.268 maxhop=4 lvl=0.21
  step 2950/8000 hops=2 loss=1.449 proc=0.725 | ema_acc=0.288 maxhop=4 lvl=0.20
  step 3000/8000 hops=4 loss=1.743 proc=1.234 | ema_acc=0.269 maxhop=4 lvl=0.20
  step 3050/8000 hops=4 loss=1.745 proc=1.217 | ema_acc=0.297 maxhop=4 lvl=0.20
  step 3100/8000 hops=2 loss=1.399 proc=0.710 | ema_acc=0.330 maxhop=4 lvl=0.20
  step 3150/8000 hops=4 loss=1.738 proc=1.185 | ema_acc=0.317 maxhop=4 lvl=0.20
  step 3200/8000 hops=1 loss=0.266 proc=0.114 | ema_acc=0.300 maxhop=4 lvl=0.20
  step 3250/8000 hops=4 loss=1.738 proc=1.192 | ema_acc=0.282 maxhop=4 lvl=0.20
  step 3300/8000 hops=1 loss=0.129 proc=0.126 | ema_acc=0.326 maxhop=4 lvl=0.20
  step 3350/8000 hops=4 loss=1.743 proc=1.212 | ema_acc=0.339 maxhop=4 lvl=0.21
  step 3400/8000 hops=2 loss=1.410 proc=0.729 | ema_acc=0.326 maxhop=4 lvl=0.19
  step 3450/8000 hops=2 loss=1.403 proc=0.696 | ema_acc=0.360 maxhop=4 lvl=0.21
  step 3500/8000 hops=1 loss=0.060 proc=0.082 | ema_acc=0.355 maxhop=4 lvl=0.21
  step 3550/8000 hops=4 loss=1.734 proc=1.258 | ema_acc=0.303 maxhop=4 lvl=0.20
  step 3600/8000 hops=2 loss=1.349 proc=0.759 | ema_acc=0.301 maxhop=4 lvl=0.22
  step 3650/8000 hops=4 loss=1.737 proc=1.211 | ema_acc=0.318 maxhop=4 lvl=0.19
  step 3700/8000 hops=1 loss=0.166 proc=0.167 | ema_acc=0.352 maxhop=4 lvl=0.21
  step 3750/8000 hops=2 loss=1.536 proc=0.788 | ema_acc=0.319 maxhop=4 lvl=0.23
  step 3800/8000 hops=1 loss=0.175 proc=0.114 | ema_acc=0.286 maxhop=4 lvl=0.20
  step 3850/8000 hops=3 loss=1.678 proc=1.060 | ema_acc=0.339 maxhop=4 lvl=0.21
  step 3900/8000 hops=2 loss=1.455 proc=0.721 | ema_acc=0.326 maxhop=4 lvl=0.20
  step 3950/8000 hops=4 loss=1.714 proc=1.177 | ema_acc=0.341 maxhop=4 lvl=0.21
  step 4000/8000 hops=1 loss=0.190 proc=0.157 | ema_acc=0.378 maxhop=4 lvl=0.19
  step 4050/8000 hops=3 loss=1.701 proc=1.026 | ema_acc=0.393 maxhop=4 lvl=0.20
  step 4100/8000 hops=4 loss=1.768 proc=1.208 | ema_acc=0.333 maxhop=4 lvl=0.22
  step 4150/8000 hops=4 loss=1.721 proc=1.176 | ema_acc=0.336 maxhop=4 lvl=0.20
  step 4200/8000 hops=2 loss=1.422 proc=0.774 | ema_acc=0.340 maxhop=4 lvl=0.20
  step 4250/8000 hops=4 loss=1.747 proc=1.167 | ema_acc=0.311 maxhop=4 lvl=0.20
  step 4300/8000 hops=3 loss=1.693 proc=1.049 | ema_acc=0.310 maxhop=4 lvl=0.20
  step 4350/8000 hops=4 loss=1.728 proc=1.157 | ema_acc=0.312 maxhop=4 lvl=0.20
  step 4400/8000 hops=4 loss=1.718 proc=1.150 | ema_acc=0.376 maxhop=4 lvl=0.20
  step 4450/8000 hops=2 loss=1.482 proc=0.735 | ema_acc=0.384 maxhop=4 lvl=0.21
  step 4500/8000 hops=4 loss=1.755 proc=1.167 | ema_acc=0.374 maxhop=4 lvl=0.21
  step 4550/8000 hops=4 loss=1.735 proc=1.163 | ema_acc=0.369 maxhop=4 lvl=0.20
  step 4600/8000 hops=4 loss=1.719 proc=1.135 | ema_acc=0.363 maxhop=4 lvl=0.22
  step 4650/8000 hops=2 loss=1.195 proc=0.650 | ema_acc=0.344 maxhop=4 lvl=0.20
  step 4700/8000 hops=4 loss=1.738 proc=1.117 | ema_acc=0.322 maxhop=4 lvl=0.22
  step 4750/8000 hops=4 loss=1.734 proc=1.163 | ema_acc=0.322 maxhop=4 lvl=0.23
  step 4800/8000 hops=4 loss=1.732 proc=1.104 | ema_acc=0.331 maxhop=4 lvl=0.21
  step 4850/8000 hops=1 loss=0.205 proc=0.110 | ema_acc=0.320 maxhop=4 lvl=0.22
  step 4900/8000 hops=4 loss=1.725 proc=1.123 | ema_acc=0.331 maxhop=4 lvl=0.21
  step 4950/8000 hops=4 loss=1.738 proc=1.155 | ema_acc=0.328 maxhop=4 lvl=0.21
  step 5000/8000 hops=1 loss=0.047 proc=0.039 | ema_acc=0.331 maxhop=4 lvl=0.20
  step 5050/8000 hops=4 loss=1.727 proc=1.112 | ema_acc=0.339 maxhop=4 lvl=0.20
  step 5100/8000 hops=4 loss=1.715 proc=1.122 | ema_acc=0.337 maxhop=4 lvl=0.21
  step 5150/8000 hops=4 loss=1.712 proc=1.109 | ema_acc=0.386 maxhop=4 lvl=0.22
  step 5200/8000 hops=4 loss=1.687 proc=1.101 | ema_acc=0.354 maxhop=4 lvl=0.21
  step 5250/8000 hops=4 loss=1.734 proc=1.101 | ema_acc=0.321 maxhop=4 lvl=0.21
  step 5300/8000 hops=4 loss=1.727 proc=1.133 | ema_acc=0.341 maxhop=4 lvl=0.22
  step 5350/8000 hops=4 loss=1.741 proc=1.118 | ema_acc=0.325 maxhop=4 lvl=0.21
  step 5400/8000 hops=4 loss=1.738 proc=1.161 | ema_acc=0.325 maxhop=4 lvl=0.20
  step 5450/8000 hops=3 loss=1.704 proc=0.967 | ema_acc=0.329 maxhop=4 lvl=0.19
  step 5500/8000 hops=2 loss=1.008 proc=0.585 | ema_acc=0.330 maxhop=4 lvl=0.21
  step 5550/8000 hops=1 loss=0.014 proc=0.020 | ema_acc=0.374 maxhop=4 lvl=0.21
  step 5600/8000 hops=3 loss=1.656 proc=0.942 | ema_acc=0.326 maxhop=4 lvl=0.21
  step 5650/8000 hops=1 loss=0.017 proc=0.022 | ema_acc=0.384 maxhop=4 lvl=0.21
  step 5700/8000 hops=2 loss=1.087 proc=0.580 | ema_acc=0.397 maxhop=4 lvl=0.22
  step 5750/8000 hops=4 loss=1.714 proc=1.119 | ema_acc=0.363 maxhop=4 lvl=0.23
  step 5800/8000 hops=4 loss=1.713 proc=1.084 | ema_acc=0.355 maxhop=4 lvl=0.23
  step 5850/8000 hops=4 loss=1.729 proc=1.159 | ema_acc=0.320 maxhop=4 lvl=0.22
  step 5900/8000 hops=4 loss=1.698 proc=1.055 | ema_acc=0.300 maxhop=4 lvl=0.22
  step 5950/8000 hops=2 loss=1.337 proc=0.742 | ema_acc=0.315 maxhop=4 lvl=0.22
  step 6000/8000 hops=4 loss=1.713 proc=1.065 | ema_acc=0.290 maxhop=4 lvl=0.23
  step 6050/8000 hops=4 loss=1.715 proc=1.092 | ema_acc=0.360 maxhop=4 lvl=0.22
  step 6100/8000 hops=4 loss=1.727 proc=1.127 | ema_acc=0.361 maxhop=4 lvl=0.23
  step 6150/8000 hops=3 loss=1.515 proc=0.886 | ema_acc=0.355 maxhop=4 lvl=0.23
  step 6200/8000 hops=4 loss=1.711 proc=1.118 | ema_acc=0.351 maxhop=4 lvl=0.21
  step 6250/8000 hops=1 loss=0.173 proc=0.137 | ema_acc=0.360 maxhop=4 lvl=0.22
  step 6300/8000 hops=1 loss=0.041 proc=0.015 | ema_acc=0.399 maxhop=4 lvl=0.22
  step 6350/8000 hops=4 loss=1.721 proc=1.131 | ema_acc=0.331 maxhop=4 lvl=0.20
  step 6400/8000 hops=3 loss=1.659 proc=0.875 | ema_acc=0.296 maxhop=4 lvl=0.22
  step 6450/8000 hops=4 loss=1.694 proc=1.033 | ema_acc=0.318 maxhop=4 lvl=0.21
  step 6500/8000 hops=4 loss=1.714 proc=1.103 | ema_acc=0.322 maxhop=4 lvl=0.24
  step 6550/8000 hops=3 loss=1.537 proc=0.851 | ema_acc=0.352 maxhop=4 lvl=0.21
  step 6600/8000 hops=4 loss=1.698 proc=1.082 | ema_acc=0.340 maxhop=4 lvl=0.23
  step 6650/8000 hops=4 loss=1.736 proc=1.079 | ema_acc=0.359 maxhop=4 lvl=0.23
  step 6700/8000 hops=4 loss=1.698 proc=1.033 | ema_acc=0.395 maxhop=4 lvl=0.21
  step 6750/8000 hops=4 loss=1.700 proc=1.022 | ema_acc=0.379 maxhop=4 lvl=0.25
  step 6800/8000 hops=4 loss=1.723 proc=1.005 | ema_acc=0.425 maxhop=4 lvl=0.23
  step 6850/8000 hops=4 loss=1.660 proc=1.071 | ema_acc=0.420 maxhop=4 lvl=0.25
  step 6900/8000 hops=4 loss=1.735 proc=1.064 | ema_acc=0.418 maxhop=4 lvl=0.25
  step 6950/8000 hops=2 loss=0.974 proc=0.532 | ema_acc=0.377 maxhop=4 lvl=0.27
  step 7000/8000 hops=4 loss=1.671 proc=1.021 | ema_acc=0.375 maxhop=4 lvl=0.28
  step 7050/8000 hops=4 loss=1.601 proc=1.052 | ema_acc=0.412 maxhop=4 lvl=0.26
  step 7100/8000 hops=4 loss=1.628 proc=0.987 | ema_acc=0.407 maxhop=4 lvl=0.28
  step 7150/8000 hops=3 loss=1.383 proc=0.755 | ema_acc=0.493 maxhop=4 lvl=0.35
  step 7200/8000 hops=3 loss=1.245 proc=0.782 | ema_acc=0.445 maxhop=4 lvl=0.33
  step 7250/8000 hops=4 loss=1.320 proc=0.870 | ema_acc=0.505 maxhop=4 lvl=0.46
  step 7300/8000 hops=4 loss=1.162 proc=0.806 | ema_acc=0.555 maxhop=4 lvl=0.51
  step 7350/8000 hops=3 loss=0.915 proc=0.592 | ema_acc=0.592 maxhop=4 lvl=0.49
  step 7400/8000 hops=2 loss=0.443 proc=0.368 | ema_acc=0.618 maxhop=4 lvl=0.50
  step 7450/8000 hops=4 loss=1.062 proc=0.706 | ema_acc=0.666 maxhop=4 lvl=0.62
  step 7500/8000 hops=4 loss=1.053 proc=0.678 | ema_acc=0.692 maxhop=4 lvl=0.59
  step 7550/8000 hops=4 loss=1.283 proc=0.739 | ema_acc=0.724 maxhop=4 lvl=0.63
  step 7600/8000 hops=2 loss=0.303 proc=0.338 | ema_acc=0.723 maxhop=4 lvl=0.56
  step 7650/8000 hops=2 loss=0.077 proc=0.131 | ema_acc=0.725 maxhop=4 lvl=0.67
  step 7700/8000 hops=3 loss=0.470 proc=0.440 | ema_acc=0.757 maxhop=4 lvl=0.69
  step 7750/8000 hops=3 loss=0.216 proc=0.305 | ema_acc=0.776 maxhop=4 lvl=0.73
  step 7800/8000 hops=4 loss=0.721 proc=0.614 | ema_acc=0.799 maxhop=4 lvl=0.72
  step 7850/8000 hops=1 loss=0.026 proc=0.165 | ema_acc=0.778 maxhop=4 lvl=0.66
  step 7900/8000 hops=4 loss=1.460 proc=0.587 | ema_acc=0.779 maxhop=4 lvl=0.69
  step 7950/8000 hops=3 loss=0.432 proc=0.280 | ema_acc=0.844 maxhop=4 lvl=0.80
  step 8000/8000 hops=4 loss=0.472 proc=0.442 | ema_acc=0.871 maxhop=4 lvl=0.83
[arm K1] acc_by_hops: 1:0.99, 2:0.98, 3:0.97, 4:0.88, 5:0.59, 6:0.36, 7:0.15, 8:0.11
[arm K1] probe(hops=4) per-step: x1:1.00, x2:0.97, x3:0.87, x4:0.71  (chance 0.10)

wrote agi_demo/outputs/kernel/arith_curric/metrics.json
wrote figures to agi_demo/outputs/kernel/arith_curric/

============================================================
SUMMARY (arith)
============================================================
arm K1: params=401,304 OOD(hops [5, 6, 7, 8])=[0.59, 0.36, 0.15, 0.11] | probe last-step=0.71
