
============================================================
ARM M2
============================================================
[arm M2] trainable: 187,235,339 | device=cuda | memory=on | session
  step   50/600 | loss=2.216 | acc=0.637 ref=0.126 lit=0.983 mem=1.615 | ref_ema=0.094
  step  100/600 | loss=1.900 | acc=0.628 ref=0.141 lit=1.000 mem=1.020 | ref_ema=0.099
  step  150/600 | loss=1.626 | acc=0.652 ref=0.122 lit=1.000 mem=0.973 | ref_ema=0.099
  step  200/600 | loss=1.628 | acc=0.628 ref=0.086 lit=1.000 mem=0.958 | ref_ema=0.096
  step  250/600 | loss=1.577 | acc=0.658 ref=0.129 lit=1.000 mem=0.923 | ref_ema=0.103
  step  300/600 | loss=4.319 | acc=0.496 ref=0.078 lit=0.816 mem=1.822 | ref_ema=0.099
  step  350/600 | loss=3.743 | acc=0.113 ref=0.117 lit=0.110 mem=2.354 | ref_ema=0.107
  step  400/600 | loss=3.664 | acc=0.107 ref=0.089 lit=0.119 mem=2.331 | ref_ema=0.096
  step  450/600 | loss=3.686 | acc=0.113 ref=0.116 lit=0.111 mem=2.352 | ref_ema=0.104
  step  500/600 | loss=3.672 | acc=0.087 ref=0.059 lit=0.108 mem=2.341 | ref_ema=0.096
  step  550/600 | loss=3.650 | acc=0.095 ref=0.107 lit=0.086 mem=2.312 | ref_ema=0.099
  step  600/600 | loss=3.662 | acc=0.104 ref=0.115 lit=0.097 mem=2.357 | ref_ema=0.105
[arm M2] lit_acc=0.092 ref_acc=0.088 (chance 0.10) delay_acc={1: 0.09, 2: 0.08, 3: 0.07, 4: 0.12, 5: 0.06}
STOP: TOTAL NO. OF ITERATIONS REACHED LIMIT

Increase the number of iterations to improve the convergence (max_iter=200).
You might also want to scale the data as shown in:
    https://scikit-learn.org/stable/modules/preprocessing.html
Please also refer to the documentation for alternative solver options:
    https://scikit-learn.org/stable/modules/linear_model.html#logistic-regression
[arm M2] memory-slot probe: 0.095 (chance 0.10)

wrote agi_demo/outputs/3b_unfreeze/unfreeze_2/metrics.json

============================================================
SESSION SUMMARY (short-term memory)
============================================================
arm M2: ref_acc=0.09 lit_acc=0.09 (chance 0.10) | mem-probe=0.09
Reading: ref_acc >> chance ⇒ memory read works; mem-probe >> chance ⇒ slots observably hold the value (the red line we must preserve).
