
============================================================
ARM C
============================================================
[arm C] trainable params: 20,490,250 | device=cuda | curriculum
  step   50/3000 | hops=1 | loss=0.000 ans=0.000 proc=0.000 | ema_acc=0.469 | maxhop=1 lvl_acc=0.96
  >> advance hops 1->2 at step 80 (competent, level_acc=1.00)
  step  100/3000 | hops=1 | loss=0.006 ans=0.006 proc=0.000 | ema_acc=0.785 | maxhop=2 lvl_acc=0.75
  step  150/3000 | hops=1 | loss=0.000 ans=0.000 proc=0.000 | ema_acc=0.922 | maxhop=2 lvl_acc=0.99
  >> advance hops 2->3 at step 160 (competent, level_acc=1.00)
  step  200/3000 | hops=2 | loss=0.075 ans=0.000 proc=1.508 | ema_acc=0.953 | maxhop=3 lvl_acc=0.89
  >> advance hops 3->4 at step 245 (competent, level_acc=0.86)
  step  250/3000 | hops=3 | loss=1.380 ans=1.188 proc=3.094 | ema_acc=0.862 | maxhop=4 lvl_acc=0.04
  step  300/3000 | hops=4 | loss=0.607 ans=0.441 proc=2.219 | ema_acc=0.863 | maxhop=4 lvl_acc=0.71
  >> advance hops 4->5 at step 327 (competent, level_acc=0.85)
  step  350/3000 | hops=3 | loss=0.014 ans=0.012 proc=0.015 | ema_acc=0.826 | maxhop=5 lvl_acc=0.43
  step  400/3000 | hops=5 | loss=0.868 ans=0.754 proc=1.140 | ema_acc=0.794 | maxhop=5 lvl_acc=0.65
  step  450/3000 | hops=5 | loss=0.754 ans=0.641 proc=1.137 | ema_acc=0.836 | maxhop=5 lvl_acc=0.72
  step  500/3000 | hops=2 | loss=0.000 ans=0.000 proc=0.001 | ema_acc=0.881 | maxhop=5 lvl_acc=0.79
  >> advance hops 5->6 at step 521 (competent, level_acc=0.85)
  step  550/3000 | hops=1 | loss=0.000 ans=0.000 proc=0.000 | ema_acc=0.834 | maxhop=6 lvl_acc=0.59
  step  600/3000 | hops=1 | loss=0.000 ans=0.000 proc=0.000 | ema_acc=0.799 | maxhop=6 lvl_acc=0.66
  step  650/3000 | hops=5 | loss=0.349 ans=0.277 proc=0.712 | ema_acc=0.832 | maxhop=6 lvl_acc=0.78
  step  700/3000 | hops=6 | loss=0.598 ans=0.492 proc=1.062 | ema_acc=0.889 | maxhop=6 lvl_acc=0.85
  step  750/3000 | hops=6 | loss=1.049 ans=0.969 proc=0.802 | ema_acc=0.888 | maxhop=6 lvl_acc=0.79
  step  800/3000 | hops=6 | loss=0.426 ans=0.359 proc=0.666 | ema_acc=0.900 | maxhop=6 lvl_acc=0.86
  step  850/3000 | hops=4 | loss=0.038 ans=0.035 proc=0.031 | ema_acc=0.914 | maxhop=6 lvl_acc=0.88
  step  900/3000 | hops=2 | loss=0.000 ans=0.000 proc=0.001 | ema_acc=0.916 | maxhop=6 lvl_acc=0.85
  step  950/3000 | hops=6 | loss=0.311 ans=0.244 proc=0.664 | ema_acc=0.928 | maxhop=6 lvl_acc=0.90
  step 1000/3000 | hops=6 | loss=0.808 ans=0.750 proc=0.584 | ema_acc=0.929 | maxhop=6 lvl_acc=0.86
  step 1050/3000 | hops=6 | loss=0.316 ans=0.268 proc=0.486 | ema_acc=0.950 | maxhop=6 lvl_acc=0.93
  step 1100/3000 | hops=6 | loss=0.160 ans=0.126 proc=0.344 | ema_acc=0.948 | maxhop=6 lvl_acc=0.91
  step 1150/3000 | hops=6 | loss=0.198 ans=0.184 proc=0.148 | ema_acc=0.956 | maxhop=6 lvl_acc=0.95
  step 1200/3000 | hops=6 | loss=0.115 ans=0.113 proc=0.013 | ema_acc=0.962 | maxhop=6 lvl_acc=0.95
  step 1250/3000 | hops=1 | loss=0.000 ans=0.000 proc=0.000 | ema_acc=0.964 | maxhop=6 lvl_acc=0.94
  step 1300/3000 | hops=6 | loss=0.504 ans=0.504 proc=0.004 | ema_acc=0.957 | maxhop=6 lvl_acc=0.93
  step 1350/3000 | hops=1 | loss=0.000 ans=0.000 proc=0.000 | ema_acc=0.958 | maxhop=6 lvl_acc=0.94
  step 1400/3000 | hops=6 | loss=0.114 ans=0.112 proc=0.024 | ema_acc=0.924 | maxhop=6 lvl_acc=0.86
  step 1450/3000 | hops=6 | loss=0.111 ans=0.109 proc=0.018 | ema_acc=0.958 | maxhop=6 lvl_acc=0.96
  step 1500/3000 | hops=6 | loss=0.099 ans=0.099 proc=0.002 | ema_acc=0.970 | maxhop=6 lvl_acc=0.97
  step 1550/3000 | hops=1 | loss=0.000 ans=0.000 proc=0.000 | ema_acc=0.974 | maxhop=6 lvl_acc=0.95
  step 1600/3000 | hops=6 | loss=0.097 ans=0.097 proc=0.006 | ema_acc=0.975 | maxhop=6 lvl_acc=0.97
  step 1650/3000 | hops=6 | loss=0.093 ans=0.092 proc=0.005 | ema_acc=0.976 | maxhop=6 lvl_acc=0.97
  step 1700/3000 | hops=6 | loss=0.070 ans=0.065 proc=0.045 | ema_acc=0.975 | maxhop=6 lvl_acc=0.97
  step 1750/3000 | hops=6 | loss=0.079 ans=0.078 proc=0.015 | ema_acc=0.977 | maxhop=6 lvl_acc=0.97
  step 1800/3000 | hops=6 | loss=0.095 ans=0.093 proc=0.019 | ema_acc=0.978 | maxhop=6 lvl_acc=0.97
  step 1850/3000 | hops=6 | loss=0.047 ans=0.047 proc=0.002 | ema_acc=0.978 | maxhop=6 lvl_acc=0.96
  step 1900/3000 | hops=6 | loss=0.089 ans=0.088 proc=0.006 | ema_acc=0.982 | maxhop=6 lvl_acc=0.98
  step 1950/3000 | hops=1 | loss=0.000 ans=0.000 proc=0.000 | ema_acc=0.982 | maxhop=6 lvl_acc=0.97
  step 2000/3000 | hops=5 | loss=0.015 ans=0.015 proc=0.000 | ema_acc=0.987 | maxhop=6 lvl_acc=0.98
  step 2050/3000 | hops=3 | loss=0.000 ans=0.000 proc=0.000 | ema_acc=0.988 | maxhop=6 lvl_acc=0.99
  step 2100/3000 | hops=6 | loss=0.031 ans=0.030 proc=0.004 | ema_acc=0.986 | maxhop=6 lvl_acc=0.98
  step 2150/3000 | hops=6 | loss=0.084 ans=0.082 proc=0.016 | ema_acc=0.985 | maxhop=6 lvl_acc=0.97
  step 2200/3000 | hops=6 | loss=0.026 ans=0.026 proc=0.002 | ema_acc=0.988 | maxhop=6 lvl_acc=0.99
  step 2250/3000 | hops=6 | loss=0.048 ans=0.048 proc=0.001 | ema_acc=0.982 | maxhop=6 lvl_acc=0.97
  step 2300/3000 | hops=3 | loss=0.000 ans=0.000 proc=0.000 | ema_acc=0.988 | maxhop=6 lvl_acc=0.99
  step 2350/3000 | hops=3 | loss=0.000 ans=0.000 proc=0.000 | ema_acc=0.988 | maxhop=6 lvl_acc=0.98
  step 2400/3000 | hops=6 | loss=0.031 ans=0.022 proc=0.095 | ema_acc=0.986 | maxhop=6 lvl_acc=0.97
  step 2450/3000 | hops=3 | loss=0.001 ans=0.001 proc=0.000 | ema_acc=0.991 | maxhop=6 lvl_acc=0.99
  step 2500/3000 | hops=6 | loss=0.084 ans=0.084 proc=0.001 | ema_acc=0.989 | maxhop=6 lvl_acc=0.98
  step 2550/3000 | hops=6 | loss=0.199 ans=0.198 proc=0.004 | ema_acc=0.982 | maxhop=6 lvl_acc=0.96
  step 2600/3000 | hops=6 | loss=0.030 ans=0.030 proc=0.001 | ema_acc=0.987 | maxhop=6 lvl_acc=0.98
  step 2650/3000 | hops=3 | loss=0.000 ans=0.000 proc=0.000 | ema_acc=0.990 | maxhop=6 lvl_acc=0.98
  step 2700/3000 | hops=6 | loss=0.101 ans=0.101 proc=0.001 | ema_acc=0.991 | maxhop=6 lvl_acc=0.99
  step 2750/3000 | hops=6 | loss=0.081 ans=0.081 proc=0.001 | ema_acc=0.989 | maxhop=6 lvl_acc=0.98
  step 2800/3000 | hops=4 | loss=0.000 ans=0.000 proc=0.001 | ema_acc=0.991 | maxhop=6 lvl_acc=0.99
  step 2850/3000 | hops=6 | loss=0.229 ans=0.229 proc=0.002 | ema_acc=0.992 | maxhop=6 lvl_acc=0.99
  step 2900/3000 | hops=6 | loss=0.291 ans=0.291 proc=0.000 | ema_acc=0.993 | maxhop=6 lvl_acc=0.99
  step 2950/3000 | hops=3 | loss=0.000 ans=0.000 proc=0.000 | ema_acc=0.993 | maxhop=6 lvl_acc=0.99
  step 3000/3000 | hops=1 | loss=0.000 ans=0.000 proc=0.000 | ema_acc=0.995 | maxhop=6 lvl_acc=0.99
[arm C] acc_by_hops: 1:1.00, 2:1.00, 3:1.00, 4:1.00, 5:1.00, 6:0.99, 7:0.79, 8:0.31
[arm C] probe(hops=6) per-step: x1:1.00, x2:1.00, x3:1.00, x4:0.20, x5:0.14, x6:0.99  (chance=0.10)

wrote agi_demo/outputs/3b_causal/causal_first_half/metrics.json
wrote figures to agi_demo/outputs/3b_causal/causal_first_half/

============================================================
SUMMARY
============================================================
arm C: params=20,490,250 | OOD acc(hops [7, 8])=[0.79, 0.31] | probe last-step=0.99 (chance 0.10)
