
============================================================
ARM C
============================================================
[arm C] trainable params: 20,490,250 | device=cuda | curriculum
  step   50/3000 | hops=1 | loss=0.000 ans=0.000 proc=0.000 | ema_acc=0.543 | maxhop=1 lvl_acc=0.98
  >> advance hops 1->2 at step 80 (competent, level_acc=1.00)
  step  100/3000 | hops=1 | loss=0.000 ans=0.000 proc=0.001 | ema_acc=0.821 | maxhop=2 lvl_acc=0.77
  step  150/3000 | hops=1 | loss=0.000 ans=0.000 proc=0.001 | ema_acc=0.935 | maxhop=2 lvl_acc=0.99
  >> advance hops 2->3 at step 160 (competent, level_acc=1.00)
  step  200/3000 | hops=2 | loss=0.012 ans=0.000 proc=0.232 | ema_acc=0.963 | maxhop=3 lvl_acc=0.90
  >> advance hops 3->4 at step 240 (competent, level_acc=0.99)
  step  250/3000 | hops=1 | loss=0.001 ans=0.000 proc=0.009 | ema_acc=0.965 | maxhop=4 lvl_acc=0.32
  step  300/3000 | hops=2 | loss=0.012 ans=0.001 proc=0.149 | ema_acc=0.914 | maxhop=4 lvl_acc=0.78
  >> advance hops 4->5 at step 324 (competent, level_acc=0.85)
  step  350/3000 | hops=4 | loss=0.296 ans=0.128 proc=1.926 | ema_acc=0.873 | maxhop=5 lvl_acc=0.55
  step  400/3000 | hops=5 | loss=0.610 ans=0.385 proc=2.258 | ema_acc=0.857 | maxhop=5 lvl_acc=0.81
  >> advance hops 5->6 at step 447 (competent, level_acc=0.85)
  step  450/3000 | hops=3 | loss=0.149 ans=0.001 proc=1.480 | ema_acc=0.873 | maxhop=6 lvl_acc=0.06
  step  500/3000 | hops=2 | loss=0.004 ans=0.000 proc=0.038 | ema_acc=0.864 | maxhop=6 lvl_acc=0.72
  step  550/3000 | hops=1 | loss=0.000 ans=0.000 proc=0.001 | ema_acc=0.854 | maxhop=6 lvl_acc=0.75
  step  600/3000 | hops=2 | loss=0.007 ans=0.000 proc=0.066 | ema_acc=0.866 | maxhop=6 lvl_acc=0.79
  step  650/3000 | hops=3 | loss=0.121 ans=0.006 proc=1.146 | ema_acc=0.907 | maxhop=6 lvl_acc=0.89
  step  700/3000 | hops=6 | loss=0.446 ans=0.238 proc=2.078 | ema_acc=0.930 | maxhop=6 lvl_acc=0.92
  step  750/3000 | hops=6 | loss=0.548 ans=0.344 proc=2.042 | ema_acc=0.929 | maxhop=6 lvl_acc=0.88
  step  800/3000 | hops=5 | loss=0.211 ans=0.026 proc=1.852 | ema_acc=0.922 | maxhop=6 lvl_acc=0.90
  step  850/3000 | hops=5 | loss=0.250 ans=0.037 proc=2.129 | ema_acc=0.945 | maxhop=6 lvl_acc=0.92
  step  900/3000 | hops=2 | loss=0.000 ans=0.000 proc=0.000 | ema_acc=0.939 | maxhop=6 lvl_acc=0.91
  step  950/3000 | hops=6 | loss=0.306 ans=0.102 proc=2.040 | ema_acc=0.957 | maxhop=6 lvl_acc=0.94
  step 1000/3000 | hops=6 | loss=0.440 ans=0.264 proc=1.763 | ema_acc=0.959 | maxhop=6 lvl_acc=0.94
  step 1050/3000 | hops=1 | loss=0.000 ans=0.000 proc=0.000 | ema_acc=0.963 | maxhop=6 lvl_acc=0.95
  step 1100/3000 | hops=6 | loss=0.387 ans=0.192 proc=1.943 | ema_acc=0.971 | maxhop=6 lvl_acc=0.95
  step 1150/3000 | hops=1 | loss=0.000 ans=0.000 proc=0.000 | ema_acc=0.973 | maxhop=6 lvl_acc=0.96
  step 1200/3000 | hops=6 | loss=0.374 ans=0.209 proc=1.652 | ema_acc=0.965 | maxhop=6 lvl_acc=0.92
  step 1250/3000 | hops=1 | loss=0.000 ans=0.000 proc=0.000 | ema_acc=0.964 | maxhop=6 lvl_acc=0.91
  step 1300/3000 | hops=6 | loss=0.315 ans=0.163 proc=1.520 | ema_acc=0.974 | maxhop=6 lvl_acc=0.96
  step 1350/3000 | hops=3 | loss=0.004 ans=0.000 proc=0.037 | ema_acc=0.977 | maxhop=6 lvl_acc=0.96
  step 1400/3000 | hops=6 | loss=0.194 ans=0.057 proc=1.369 | ema_acc=0.976 | maxhop=6 lvl_acc=0.96
  step 1450/3000 | hops=1 | loss=0.000 ans=0.000 proc=0.000 | ema_acc=0.980 | maxhop=6 lvl_acc=0.97
  step 1500/3000 | hops=2 | loss=0.000 ans=0.000 proc=0.002 | ema_acc=0.976 | maxhop=6 lvl_acc=0.96
  step 1550/3000 | hops=6 | loss=0.142 ans=0.059 proc=0.832 | ema_acc=0.981 | maxhop=6 lvl_acc=0.98
  step 1600/3000 | hops=1 | loss=0.000 ans=0.000 proc=0.000 | ema_acc=0.983 | maxhop=6 lvl_acc=0.98
  step 1650/3000 | hops=2 | loss=0.000 ans=0.000 proc=0.000 | ema_acc=0.984 | maxhop=6 lvl_acc=0.98
  step 1700/3000 | hops=6 | loss=0.125 ans=0.070 proc=0.551 | ema_acc=0.979 | maxhop=6 lvl_acc=0.97
  step 1750/3000 | hops=4 | loss=0.029 ans=0.016 proc=0.125 | ema_acc=0.984 | maxhop=6 lvl_acc=0.98
  step 1800/3000 | hops=6 | loss=0.134 ans=0.078 proc=0.559 | ema_acc=0.986 | maxhop=6 lvl_acc=0.98
  step 1850/3000 | hops=6 | loss=0.175 ans=0.128 proc=0.469 | ema_acc=0.981 | maxhop=6 lvl_acc=0.96
  step 1900/3000 | hops=2 | loss=0.000 ans=0.000 proc=0.000 | ema_acc=0.986 | maxhop=6 lvl_acc=0.98
  step 1950/3000 | hops=1 | loss=0.000 ans=0.000 proc=0.000 | ema_acc=0.987 | maxhop=6 lvl_acc=0.98
  step 2000/3000 | hops=5 | loss=0.029 ans=0.010 proc=0.190 | ema_acc=0.986 | maxhop=6 lvl_acc=0.98
  step 2050/3000 | hops=6 | loss=0.032 ans=0.015 proc=0.167 | ema_acc=0.988 | maxhop=6 lvl_acc=0.98
  step 2100/3000 | hops=1 | loss=0.000 ans=0.000 proc=0.000 | ema_acc=0.989 | maxhop=6 lvl_acc=0.98
  step 2150/3000 | hops=6 | loss=0.278 ans=0.242 proc=0.356 | ema_acc=0.989 | maxhop=6 lvl_acc=0.98
  step 2200/3000 | hops=4 | loss=0.002 ans=0.000 proc=0.022 | ema_acc=0.987 | maxhop=6 lvl_acc=0.98
  step 2250/3000 | hops=6 | loss=0.155 ans=0.140 proc=0.156 | ema_acc=0.987 | maxhop=6 lvl_acc=0.98
  step 2300/3000 | hops=4 | loss=0.020 ans=0.013 proc=0.072 | ema_acc=0.989 | maxhop=6 lvl_acc=0.99
  step 2350/3000 | hops=6 | loss=0.054 ans=0.041 proc=0.127 | ema_acc=0.985 | maxhop=6 lvl_acc=0.98
  step 2400/3000 | hops=3 | loss=0.000 ans=0.000 proc=0.001 | ema_acc=0.987 | maxhop=6 lvl_acc=0.98
  step 2450/3000 | hops=6 | loss=0.046 ans=0.030 proc=0.165 | ema_acc=0.989 | maxhop=6 lvl_acc=0.99
  step 2500/3000 | hops=3 | loss=0.000 ans=0.000 proc=0.001 | ema_acc=0.991 | maxhop=6 lvl_acc=0.99
  step 2550/3000 | hops=6 | loss=0.033 ans=0.021 proc=0.117 | ema_acc=0.966 | maxhop=6 lvl_acc=0.95
  step 2600/3000 | hops=1 | loss=0.000 ans=0.000 proc=0.000 | ema_acc=0.982 | maxhop=6 lvl_acc=0.99
  step 2650/3000 | hops=2 | loss=0.000 ans=0.000 proc=0.000 | ema_acc=0.990 | maxhop=6 lvl_acc=0.99
  step 2700/3000 | hops=3 | loss=0.000 ans=0.000 proc=0.001 | ema_acc=0.993 | maxhop=6 lvl_acc=0.99
  step 2750/3000 | hops=6 | loss=0.187 ans=0.080 proc=1.069 | ema_acc=0.984 | maxhop=6 lvl_acc=0.98
  step 2800/3000 | hops=5 | loss=0.092 ans=0.016 proc=0.756 | ema_acc=0.957 | maxhop=6 lvl_acc=0.97
  step 2850/3000 | hops=6 | loss=0.046 ans=0.027 proc=0.181 | ema_acc=0.980 | maxhop=6 lvl_acc=0.99
  step 2900/3000 | hops=6 | loss=0.016 ans=0.005 proc=0.108 | ema_acc=0.980 | maxhop=6 lvl_acc=0.99
  step 2950/3000 | hops=1 | loss=0.000 ans=0.000 proc=0.000 | ema_acc=0.990 | maxhop=6 lvl_acc=0.99
  step 3000/3000 | hops=2 | loss=0.000 ans=0.000 proc=0.000 | ema_acc=0.989 | maxhop=6 lvl_acc=0.97
[arm C] acc_by_hops: 1:1.00, 2:1.00, 3:1.00, 4:1.00, 5:0.99, 6:0.99, 7:0.69, 8:0.17
[arm C] probe(hops=6) per-step: x1:0.23, x2:0.18, x3:0.22, x4:0.97, x5:0.92, x6:0.99  (chance=0.10)

wrote agi_demo/outputs/3b_causal/causal_second_half/metrics.json
wrote figures to agi_demo/outputs/3b_causal/causal_second_half/

============================================================
SUMMARY
============================================================
arm C: params=20,490,250 | OOD acc(hops [7, 8])=[0.69, 0.17] | probe last-step=0.99 (chance 0.10)
