
============================================================
ARM K1
============================================================

----- K1 seed 0 -----
[arm K1] trainable=401,048 device=cuda decays=[0.0, 0.7, 0.95, 0.99] read=ON | session
  step   50/2500 loss=0.602 acc=0.794 ref=0.553 lit=1.000 read_sup=0.000 | ref_ema=0.460
  step  100/2500 loss=0.292 acc=0.897 ref=0.785 lit=1.000 read_sup=0.000 | ref_ema=0.681
  step  150/2500 loss=0.017 acc=0.997 ref=0.993 lit=1.000 read_sup=0.000 | ref_ema=0.915
  step  200/2500 loss=0.001 acc=1.000 ref=1.000 lit=1.000 read_sup=0.000 | ref_ema=0.992
  step  250/2500 loss=0.000 acc=1.000 ref=1.000 lit=1.000 read_sup=0.000 | ref_ema=0.999
  step  300/2500 loss=0.000 acc=1.000 ref=1.000 lit=1.000 read_sup=0.000 | ref_ema=1.000
  step  350/2500 loss=0.000 acc=1.000 ref=1.000 lit=1.000 read_sup=0.000 | ref_ema=1.000
  step  400/2500 loss=0.000 acc=1.000 ref=1.000 lit=1.000 read_sup=0.000 | ref_ema=1.000
  step  450/2500 loss=0.000 acc=1.000 ref=1.000 lit=1.000 read_sup=0.000 | ref_ema=1.000
  step  500/2500 loss=0.000 acc=1.000 ref=1.000 lit=1.000 read_sup=0.000 | ref_ema=1.000
  step  550/2500 loss=0.000 acc=1.000 ref=1.000 lit=1.000 read_sup=0.000 | ref_ema=1.000
  step  600/2500 loss=0.000 acc=1.000 ref=1.000 lit=1.000 read_sup=0.000 | ref_ema=1.000
  step  650/2500 loss=0.000 acc=1.000 ref=1.000 lit=1.000 read_sup=0.000 | ref_ema=1.000
  step  700/2500 loss=0.000 acc=1.000 ref=1.000 lit=1.000 read_sup=0.000 | ref_ema=1.000
  step  750/2500 loss=0.000 acc=1.000 ref=1.000 lit=1.000 read_sup=0.000 | ref_ema=1.000
  step  800/2500 loss=0.000 acc=1.000 ref=1.000 lit=1.000 read_sup=0.000 | ref_ema=1.000
  step  850/2500 loss=0.000 acc=1.000 ref=1.000 lit=1.000 read_sup=0.000 | ref_ema=1.000
  step  900/2500 loss=0.000 acc=1.000 ref=1.000 lit=1.000 read_sup=0.000 | ref_ema=1.000
  step  950/2500 loss=0.000 acc=1.000 ref=1.000 lit=1.000 read_sup=0.000 | ref_ema=1.000
  step 1000/2500 loss=0.000 acc=1.000 ref=1.000 lit=1.000 read_sup=0.000 | ref_ema=1.000
  step 1050/2500 loss=0.000 acc=1.000 ref=1.000 lit=1.000 read_sup=0.000 | ref_ema=1.000
  step 1100/2500 loss=0.000 acc=1.000 ref=1.000 lit=1.000 read_sup=0.000 | ref_ema=1.000
  step 1150/2500 loss=0.000 acc=1.000 ref=1.000 lit=1.000 read_sup=0.000 | ref_ema=1.000
  step 1200/2500 loss=0.000 acc=1.000 ref=1.000 lit=1.000 read_sup=0.000 | ref_ema=1.000
  step 1250/2500 loss=0.000 acc=1.000 ref=1.000 lit=1.000 read_sup=0.000 | ref_ema=1.000
  step 1300/2500 loss=0.000 acc=1.000 ref=1.000 lit=1.000 read_sup=0.000 | ref_ema=1.000
  step 1350/2500 loss=0.000 acc=1.000 ref=1.000 lit=1.000 read_sup=0.000 | ref_ema=1.000
  step 1400/2500 loss=0.000 acc=1.000 ref=1.000 lit=1.000 read_sup=0.000 | ref_ema=1.000
  step 1450/2500 loss=0.000 acc=1.000 ref=1.000 lit=1.000 read_sup=0.000 | ref_ema=1.000
  step 1500/2500 loss=0.000 acc=1.000 ref=1.000 lit=1.000 read_sup=0.000 | ref_ema=1.000
  step 1550/2500 loss=0.000 acc=1.000 ref=1.000 lit=1.000 read_sup=0.000 | ref_ema=1.000
  step 1600/2500 loss=0.000 acc=1.000 ref=1.000 lit=1.000 read_sup=0.000 | ref_ema=1.000
  step 1650/2500 loss=0.000 acc=1.000 ref=1.000 lit=1.000 read_sup=0.000 | ref_ema=1.000
  step 1700/2500 loss=0.000 acc=1.000 ref=1.000 lit=1.000 read_sup=0.000 | ref_ema=1.000
  step 1750/2500 loss=0.000 acc=1.000 ref=1.000 lit=1.000 read_sup=0.000 | ref_ema=1.000
  step 1800/2500 loss=0.000 acc=1.000 ref=1.000 lit=1.000 read_sup=0.000 | ref_ema=1.000
  step 1850/2500 loss=0.000 acc=1.000 ref=1.000 lit=1.000 read_sup=0.000 | ref_ema=1.000
  step 1900/2500 loss=0.000 acc=1.000 ref=1.000 lit=1.000 read_sup=0.000 | ref_ema=1.000
  step 1950/2500 loss=0.000 acc=1.000 ref=1.000 lit=1.000 read_sup=0.000 | ref_ema=1.000
  step 2000/2500 loss=0.000 acc=1.000 ref=1.000 lit=1.000 read_sup=0.000 | ref_ema=1.000
  step 2050/2500 loss=0.000 acc=1.000 ref=1.000 lit=1.000 read_sup=0.000 | ref_ema=1.000
  step 2100/2500 loss=0.000 acc=1.000 ref=1.000 lit=1.000 read_sup=0.000 | ref_ema=1.000
  step 2150/2500 loss=0.000 acc=1.000 ref=1.000 lit=1.000 read_sup=0.000 | ref_ema=1.000
  step 2200/2500 loss=0.000 acc=1.000 ref=1.000 lit=1.000 read_sup=0.000 | ref_ema=1.000
  step 2250/2500 loss=0.000 acc=1.000 ref=1.000 lit=1.000 read_sup=0.000 | ref_ema=1.000
  step 2300/2500 loss=0.000 acc=1.000 ref=1.000 lit=1.000 read_sup=0.000 | ref_ema=1.000
  step 2350/2500 loss=0.000 acc=1.000 ref=1.000 lit=1.000 read_sup=0.000 | ref_ema=1.000
  step 2400/2500 loss=0.000 acc=1.000 ref=1.000 lit=1.000 read_sup=0.000 | ref_ema=1.000
  step 2450/2500 loss=0.000 acc=1.000 ref=1.000 lit=1.000 read_sup=0.000 | ref_ema=1.000
  step 2500/2500 loss=0.000 acc=1.000 ref=1.000 lit=1.000 read_sup=0.000 | ref_ema=1.000
[arm K1] lit_acc=1.000 ref_acc=1.000 (chance 0.10) delay={1: 1.0, 2: 1.0, 3: 1.0, 4: 1.0}
    layer γ=0.0: Δ1:0.45, Δ2:0.15, Δ3:0.13, Δ4:0.13
    layer γ=0.7: Δ1:0.44, Δ2:0.12, Δ3:0.15, Δ4:0.10
    layer γ=0.95: Δ1:0.40, Δ2:0.26, Δ3:0.25, Δ4:0.19
    layer γ=0.99: Δ1:0.62, Δ2:0.39, Δ3:0.34, Δ4:0.30

----- K1 seed 1 -----
[arm K1] trainable=401,048 device=cuda decays=[0.0, 0.7, 0.95, 0.99] read=ON | session
  step   50/2500 loss=0.595 acc=0.823 ref=0.610 lit=1.000 read_sup=0.000 | ref_ema=0.448
  step  100/2500 loss=0.259 acc=0.928 ref=0.852 lit=1.000 read_sup=0.000 | ref_ema=0.734
  step  150/2500 loss=0.040 acc=0.990 ref=0.977 lit=1.000 read_sup=0.000 | ref_ema=0.951
  step  200/2500 loss=0.002 acc=0.999 ref=0.999 lit=1.000 read_sup=0.000 | ref_ema=0.994
  step  250/2500 loss=0.000 acc=1.000 ref=1.000 lit=1.000 read_sup=0.000 | ref_ema=0.999
  step  300/2500 loss=0.000 acc=1.000 ref=1.000 lit=1.000 read_sup=0.000 | ref_ema=1.000
  step  350/2500 loss=0.000 acc=1.000 ref=1.000 lit=1.000 read_sup=0.000 | ref_ema=1.000
  step  400/2500 loss=0.000 acc=1.000 ref=1.000 lit=1.000 read_sup=0.000 | ref_ema=1.000
  step  450/2500 loss=0.000 acc=1.000 ref=1.000 lit=1.000 read_sup=0.000 | ref_ema=1.000
  step  500/2500 loss=0.000 acc=1.000 ref=1.000 lit=1.000 read_sup=0.000 | ref_ema=1.000
  step  550/2500 loss=0.020 acc=0.995 ref=0.989 lit=1.000 read_sup=0.000 | ref_ema=0.984
  step  600/2500 loss=0.001 acc=1.000 ref=1.000 lit=1.000 read_sup=0.000 | ref_ema=0.997
  step  650/2500 loss=0.000 acc=1.000 ref=1.000 lit=1.000 read_sup=0.000 | ref_ema=1.000
  step  700/2500 loss=0.000 acc=1.000 ref=1.000 lit=1.000 read_sup=0.000 | ref_ema=1.000
  step  750/2500 loss=0.000 acc=1.000 ref=1.000 lit=1.000 read_sup=0.000 | ref_ema=1.000
  step  800/2500 loss=0.000 acc=1.000 ref=1.000 lit=1.000 read_sup=0.000 | ref_ema=1.000
  step  850/2500 loss=0.000 acc=1.000 ref=1.000 lit=1.000 read_sup=0.000 | ref_ema=1.000
  step  900/2500 loss=0.000 acc=1.000 ref=1.000 lit=1.000 read_sup=0.000 | ref_ema=1.000
  step  950/2500 loss=0.000 acc=1.000 ref=1.000 lit=1.000 read_sup=0.000 | ref_ema=1.000
  step 1000/2500 loss=0.000 acc=1.000 ref=1.000 lit=1.000 read_sup=0.000 | ref_ema=1.000
  step 1050/2500 loss=0.000 acc=1.000 ref=1.000 lit=1.000 read_sup=0.000 | ref_ema=1.000
  step 1100/2500 loss=0.000 acc=1.000 ref=1.000 lit=1.000 read_sup=0.000 | ref_ema=1.000
  step 1150/2500 loss=0.000 acc=1.000 ref=1.000 lit=1.000 read_sup=0.000 | ref_ema=1.000
  step 1200/2500 loss=0.000 acc=1.000 ref=1.000 lit=1.000 read_sup=0.000 | ref_ema=1.000
  step 1250/2500 loss=0.000 acc=1.000 ref=1.000 lit=1.000 read_sup=0.000 | ref_ema=1.000
  step 1300/2500 loss=0.000 acc=1.000 ref=1.000 lit=1.000 read_sup=0.000 | ref_ema=1.000
  step 1350/2500 loss=0.000 acc=1.000 ref=1.000 lit=1.000 read_sup=0.000 | ref_ema=1.000
  step 1400/2500 loss=0.000 acc=1.000 ref=1.000 lit=1.000 read_sup=0.000 | ref_ema=1.000
  step 1450/2500 loss=0.000 acc=1.000 ref=1.000 lit=1.000 read_sup=0.000 | ref_ema=1.000
  step 1500/2500 loss=0.000 acc=1.000 ref=1.000 lit=1.000 read_sup=0.000 | ref_ema=1.000
  step 1550/2500 loss=0.000 acc=1.000 ref=1.000 lit=1.000 read_sup=0.000 | ref_ema=1.000
  step 1600/2500 loss=0.000 acc=1.000 ref=1.000 lit=1.000 read_sup=0.000 | ref_ema=1.000
  step 1650/2500 loss=0.000 acc=1.000 ref=1.000 lit=1.000 read_sup=0.000 | ref_ema=1.000
  step 1700/2500 loss=0.000 acc=1.000 ref=1.000 lit=1.000 read_sup=0.000 | ref_ema=1.000
  step 1750/2500 loss=0.000 acc=1.000 ref=1.000 lit=1.000 read_sup=0.000 | ref_ema=1.000
  step 1800/2500 loss=0.000 acc=1.000 ref=1.000 lit=1.000 read_sup=0.000 | ref_ema=1.000
  step 1850/2500 loss=0.000 acc=1.000 ref=1.000 lit=1.000 read_sup=0.000 | ref_ema=1.000
  step 1900/2500 loss=0.000 acc=1.000 ref=1.000 lit=1.000 read_sup=0.000 | ref_ema=1.000
  step 1950/2500 loss=0.002 acc=0.999 ref=0.997 lit=1.000 read_sup=0.000 | ref_ema=0.990
  step 2000/2500 loss=0.000 acc=1.000 ref=1.000 lit=1.000 read_sup=0.000 | ref_ema=0.999
  step 2050/2500 loss=0.000 acc=1.000 ref=1.000 lit=1.000 read_sup=0.000 | ref_ema=1.000
  step 2100/2500 loss=0.000 acc=1.000 ref=1.000 lit=1.000 read_sup=0.000 | ref_ema=1.000
  step 2150/2500 loss=0.000 acc=1.000 ref=1.000 lit=1.000 read_sup=0.000 | ref_ema=1.000
  step 2200/2500 loss=0.000 acc=1.000 ref=1.000 lit=1.000 read_sup=0.000 | ref_ema=1.000
  step 2250/2500 loss=0.000 acc=1.000 ref=1.000 lit=1.000 read_sup=0.000 | ref_ema=1.000
  step 2300/2500 loss=0.000 acc=1.000 ref=1.000 lit=1.000 read_sup=0.000 | ref_ema=1.000
  step 2350/2500 loss=0.000 acc=1.000 ref=1.000 lit=1.000 read_sup=0.000 | ref_ema=1.000
  step 2400/2500 loss=0.000 acc=1.000 ref=1.000 lit=1.000 read_sup=0.000 | ref_ema=1.000
  step 2450/2500 loss=0.000 acc=1.000 ref=1.000 lit=1.000 read_sup=0.000 | ref_ema=1.000
  step 2500/2500 loss=0.000 acc=1.000 ref=1.000 lit=1.000 read_sup=0.000 | ref_ema=1.000
[arm K1] lit_acc=1.000 ref_acc=1.000 (chance 0.10) delay={1: 1.0, 2: 1.0, 3: 1.0, 4: 1.0}
    layer γ=0.0: Δ1:0.13, Δ2:0.10, Δ3:0.14, Δ4:0.06
    layer γ=0.7: Δ1:0.45, Δ2:0.14, Δ3:0.13, Δ4:0.08
    layer γ=0.95: Δ1:0.49, Δ2:0.42, Δ3:0.24, Δ4:0.16
    layer γ=0.99: Δ1:0.30, Δ2:0.21, Δ3:0.18, Δ4:0.17

----- K1 seed 2 -----
[arm K1] trainable=401,048 device=cuda decays=[0.0, 0.7, 0.95, 0.99] read=ON | session
  step   50/2500 loss=0.582 acc=0.816 ref=0.583 lit=1.000 read_sup=0.000 | ref_ema=0.444
  step  100/2500 loss=0.264 acc=0.908 ref=0.799 lit=1.000 read_sup=0.000 | ref_ema=0.694
  step  150/2500 loss=0.012 acc=0.995 ref=0.990 lit=1.000 read_sup=0.000 | ref_ema=0.947
  step  200/2500 loss=0.003 acc=0.999 ref=0.997 lit=1.000 read_sup=0.000 | ref_ema=0.994
  step  250/2500 loss=0.001 acc=1.000 ref=1.000 lit=1.000 read_sup=0.000 | ref_ema=0.999
  step  300/2500 loss=0.002 acc=0.999 ref=0.999 lit=1.000 read_sup=0.000 | ref_ema=1.000
  step  350/2500 loss=0.000 acc=1.000 ref=1.000 lit=1.000 read_sup=0.000 | ref_ema=1.000
  step  400/2500 loss=0.000 acc=1.000 ref=1.000 lit=1.000 read_sup=0.000 | ref_ema=1.000
  step  450/2500 loss=0.000 acc=1.000 ref=1.000 lit=1.000 read_sup=0.000 | ref_ema=1.000
  step  500/2500 loss=0.000 acc=1.000 ref=1.000 lit=1.000 read_sup=0.000 | ref_ema=1.000
  step  550/2500 loss=0.000 acc=1.000 ref=1.000 lit=1.000 read_sup=0.000 | ref_ema=1.000
  step  600/2500 loss=0.000 acc=1.000 ref=1.000 lit=1.000 read_sup=0.000 | ref_ema=1.000
  step  650/2500 loss=0.000 acc=1.000 ref=1.000 lit=1.000 read_sup=0.000 | ref_ema=1.000
  step  700/2500 loss=0.048 acc=0.986 ref=0.969 lit=1.000 read_sup=0.000 | ref_ema=0.986
  step  750/2500 loss=0.001 acc=1.000 ref=1.000 lit=1.000 read_sup=0.000 | ref_ema=0.997
  step  800/2500 loss=0.001 acc=1.000 ref=1.000 lit=1.000 read_sup=0.000 | ref_ema=0.999
  step  850/2500 loss=0.000 acc=1.000 ref=1.000 lit=1.000 read_sup=0.000 | ref_ema=1.000
  step  900/2500 loss=0.000 acc=1.000 ref=1.000 lit=1.000 read_sup=0.000 | ref_ema=1.000
  step  950/2500 loss=0.000 acc=1.000 ref=1.000 lit=1.000 read_sup=0.000 | ref_ema=1.000
  step 1000/2500 loss=0.000 acc=1.000 ref=1.000 lit=1.000 read_sup=0.000 | ref_ema=1.000
  step 1050/2500 loss=0.000 acc=1.000 ref=1.000 lit=1.000 read_sup=0.000 | ref_ema=1.000
  step 1100/2500 loss=0.000 acc=1.000 ref=1.000 lit=1.000 read_sup=0.000 | ref_ema=1.000
  step 1150/2500 loss=0.000 acc=1.000 ref=1.000 lit=1.000 read_sup=0.000 | ref_ema=1.000
  step 1200/2500 loss=0.000 acc=1.000 ref=1.000 lit=1.000 read_sup=0.000 | ref_ema=1.000
  step 1250/2500 loss=0.000 acc=1.000 ref=1.000 lit=1.000 read_sup=0.000 | ref_ema=1.000
  step 1300/2500 loss=0.000 acc=1.000 ref=1.000 lit=1.000 read_sup=0.000 | ref_ema=1.000
  step 1350/2500 loss=0.000 acc=1.000 ref=1.000 lit=1.000 read_sup=0.000 | ref_ema=1.000
  step 1400/2500 loss=0.000 acc=1.000 ref=1.000 lit=1.000 read_sup=0.000 | ref_ema=1.000
  step 1450/2500 loss=0.000 acc=1.000 ref=1.000 lit=1.000 read_sup=0.000 | ref_ema=1.000
  step 1500/2500 loss=0.000 acc=1.000 ref=1.000 lit=1.000 read_sup=0.000 | ref_ema=1.000
  step 1550/2500 loss=0.000 acc=1.000 ref=1.000 lit=1.000 read_sup=0.000 | ref_ema=1.000
  step 1600/2500 loss=0.000 acc=1.000 ref=1.000 lit=1.000 read_sup=0.000 | ref_ema=1.000
  step 1650/2500 loss=0.000 acc=1.000 ref=1.000 lit=1.000 read_sup=0.000 | ref_ema=1.000
  step 1700/2500 loss=0.000 acc=1.000 ref=1.000 lit=1.000 read_sup=0.000 | ref_ema=1.000
  step 1750/2500 loss=0.000 acc=1.000 ref=1.000 lit=1.000 read_sup=0.000 | ref_ema=1.000
  step 1800/2500 loss=0.000 acc=1.000 ref=1.000 lit=1.000 read_sup=0.000 | ref_ema=1.000
  step 1850/2500 loss=0.000 acc=1.000 ref=1.000 lit=1.000 read_sup=0.000 | ref_ema=1.000
  step 1900/2500 loss=0.000 acc=1.000 ref=1.000 lit=1.000 read_sup=0.000 | ref_ema=1.000
  step 1950/2500 loss=0.000 acc=1.000 ref=1.000 lit=1.000 read_sup=0.000 | ref_ema=1.000
  step 2000/2500 loss=0.000 acc=1.000 ref=1.000 lit=1.000 read_sup=0.000 | ref_ema=1.000
  step 2050/2500 loss=0.000 acc=1.000 ref=1.000 lit=1.000 read_sup=0.000 | ref_ema=1.000
  step 2100/2500 loss=0.000 acc=1.000 ref=1.000 lit=1.000 read_sup=0.000 | ref_ema=1.000
  step 2150/2500 loss=0.000 acc=1.000 ref=1.000 lit=1.000 read_sup=0.000 | ref_ema=1.000
  step 2200/2500 loss=0.000 acc=1.000 ref=1.000 lit=1.000 read_sup=0.000 | ref_ema=1.000
  step 2250/2500 loss=0.000 acc=1.000 ref=1.000 lit=1.000 read_sup=0.000 | ref_ema=1.000
  step 2300/2500 loss=0.000 acc=1.000 ref=1.000 lit=1.000 read_sup=0.000 | ref_ema=1.000
  step 2350/2500 loss=0.000 acc=1.000 ref=1.000 lit=1.000 read_sup=0.000 | ref_ema=1.000
  step 2400/2500 loss=0.000 acc=1.000 ref=1.000 lit=1.000 read_sup=0.000 | ref_ema=1.000
  step 2450/2500 loss=0.000 acc=1.000 ref=1.000 lit=1.000 read_sup=0.000 | ref_ema=1.000
  step 2500/2500 loss=0.000 acc=1.000 ref=1.000 lit=1.000 read_sup=0.000 | ref_ema=1.000
[arm K1] lit_acc=1.000 ref_acc=1.000 (chance 0.10) delay={1: 1.0, 2: 1.0, 3: 1.0, 4: 1.0}
/opt/conda/lib/python3.10/site-packages/sklearn/linear_model/_logistic.py:473: ConvergenceWarning: lbfgs failed to converge after 200 iteration(s) (status=1):
STOP: TOTAL NO. OF ITERATIONS REACHED LIMIT

Increase the number of iterations to improve the convergence (max_iter=200).
You might also want to scale the data as shown in:
    https://scikit-learn.org/stable/modules/preprocessing.html
Please also refer to the documentation for alternative solver options:
    https://scikit-learn.org/stable/modules/linear_model.html#logistic-regression
  n_iter_i = _check_optimize_result(
    layer γ=0.0: Δ1:0.19, Δ2:0.11, Δ3:0.14, Δ4:0.12
    layer γ=0.7: Δ1:0.59, Δ2:0.24, Δ3:0.19, Δ4:0.14
    layer γ=0.95: Δ1:0.36, Δ2:0.30, Δ3:0.26, Δ4:0.16
    layer γ=0.99: Δ1:0.59, Δ2:0.45, Δ3:0.46, Δ4:0.39
[arm K1] 3-seed ref_acc=1.000±0.000

wrote agi_demo/outputs/p5a/ovw_delta_K1/metrics.json
wrote figures to agi_demo/outputs/p5a/ovw_delta_K1/

============================================================
SUMMARY (session)
============================================================
arm K1: ref_acc=1.00 lit_acc=1.00 (chance 0.10)
Reading: K1/K2 ref_acc >> chance ⇒ the native kernel USES memory (Proj-3 got 0.10). K0 (read severed) ≈ chance ⇒ it's the associative READ that matters.
