
============================================================
ARM K1
============================================================

----- K1 seed 0 -----
[arm K1] trainable=401,304 device=cuda decays=[0.0, 0.7, 0.95, 0.99] read=ON | session
  step   50/2500 loss=0.852 acc=0.743 ref=0.564 lit=0.885 read_sup=0.000 | ref_ema=0.439
  step  100/2500 loss=0.493 acc=0.814 ref=0.606 lit=0.996 read_sup=0.000 | ref_ema=0.560
  step  150/2500 loss=0.471 acc=0.808 ref=0.581 lit=0.999 read_sup=0.000 | ref_ema=0.592
  step  200/2500 loss=0.455 acc=0.801 ref=0.562 lit=1.000 read_sup=0.000 | ref_ema=0.603
  step  250/2500 loss=0.467 acc=0.794 ref=0.552 lit=1.000 read_sup=0.000 | ref_ema=0.595
  step  300/2500 loss=0.380 acc=0.848 ref=0.686 lit=0.998 read_sup=0.000 | ref_ema=0.616
  step  350/2500 loss=0.403 acc=0.823 ref=0.633 lit=1.000 read_sup=0.000 | ref_ema=0.639
  step  400/2500 loss=0.351 acc=0.845 ref=0.653 lit=1.000 read_sup=0.000 | ref_ema=0.659
  step  450/2500 loss=0.312 acc=0.865 ref=0.710 lit=1.000 read_sup=0.000 | ref_ema=0.681
  step  500/2500 loss=0.303 acc=0.859 ref=0.693 lit=1.000 read_sup=0.000 | ref_ema=0.692
  step  550/2500 loss=0.301 acc=0.865 ref=0.684 lit=1.000 read_sup=0.000 | ref_ema=0.699
  step  600/2500 loss=0.289 acc=0.874 ref=0.727 lit=1.000 read_sup=0.000 | ref_ema=0.708
  step  650/2500 loss=0.306 acc=0.866 ref=0.718 lit=1.000 read_sup=0.000 | ref_ema=0.712
  step  700/2500 loss=0.253 acc=0.883 ref=0.745 lit=1.000 read_sup=0.000 | ref_ema=0.740
  step  750/2500 loss=0.235 acc=0.903 ref=0.783 lit=1.000 read_sup=0.000 | ref_ema=0.764
  step  800/2500 loss=0.217 acc=0.895 ref=0.769 lit=1.000 read_sup=0.000 | ref_ema=0.779
  step  850/2500 loss=0.197 acc=0.901 ref=0.783 lit=1.000 read_sup=0.000 | ref_ema=0.786
  step  900/2500 loss=0.196 acc=0.904 ref=0.787 lit=1.000 read_sup=0.000 | ref_ema=0.791
  step  950/2500 loss=0.198 acc=0.913 ref=0.808 lit=1.000 read_sup=0.000 | ref_ema=0.797
  step 1000/2500 loss=0.208 acc=0.899 ref=0.793 lit=0.994 read_sup=0.000 | ref_ema=0.804
  step 1050/2500 loss=0.160 acc=0.924 ref=0.832 lit=1.000 read_sup=0.000 | ref_ema=0.821
  step 1100/2500 loss=0.134 acc=0.938 ref=0.859 lit=1.000 read_sup=0.000 | ref_ema=0.858
  step 1150/2500 loss=0.116 acc=0.949 ref=0.894 lit=0.998 read_sup=0.000 | ref_ema=0.888
  step 1200/2500 loss=0.087 acc=0.963 ref=0.920 lit=1.000 read_sup=0.000 | ref_ema=0.911
  step 1250/2500 loss=0.083 acc=0.969 ref=0.933 lit=1.000 read_sup=0.000 | ref_ema=0.926
  step 1300/2500 loss=0.061 acc=0.973 ref=0.941 lit=1.000 read_sup=0.000 | ref_ema=0.929
  step 1350/2500 loss=0.067 acc=0.969 ref=0.935 lit=1.000 read_sup=0.000 | ref_ema=0.932
  step 1400/2500 loss=0.056 acc=0.979 ref=0.956 lit=1.000 read_sup=0.000 | ref_ema=0.936
  step 1450/2500 loss=0.064 acc=0.969 ref=0.933 lit=1.000 read_sup=0.000 | ref_ema=0.936
  step 1500/2500 loss=0.061 acc=0.970 ref=0.934 lit=1.000 read_sup=0.000 | ref_ema=0.937
  step 1550/2500 loss=0.045 acc=0.981 ref=0.957 lit=1.000 read_sup=0.000 | ref_ema=0.943
  step 1600/2500 loss=0.038 acc=0.982 ref=0.961 lit=1.000 read_sup=0.000 | ref_ema=0.946
  step 1650/2500 loss=0.053 acc=0.973 ref=0.944 lit=1.000 read_sup=0.000 | ref_ema=0.947
  step 1700/2500 loss=0.044 acc=0.979 ref=0.954 lit=0.999 read_sup=0.000 | ref_ema=0.952
  step 1750/2500 loss=0.051 acc=0.973 ref=0.939 lit=1.000 read_sup=0.000 | ref_ema=0.946
  step 1800/2500 loss=0.043 acc=0.985 ref=0.967 lit=1.000 read_sup=0.000 | ref_ema=0.962
  step 1850/2500 loss=0.035 acc=0.984 ref=0.965 lit=1.000 read_sup=0.000 | ref_ema=0.962
  step 1900/2500 loss=0.037 acc=0.986 ref=0.969 lit=1.000 read_sup=0.000 | ref_ema=0.964
  step 1950/2500 loss=0.030 acc=0.986 ref=0.969 lit=1.000 read_sup=0.000 | ref_ema=0.969
  step 2000/2500 loss=0.022 acc=0.991 ref=0.980 lit=1.000 read_sup=0.000 | ref_ema=0.973
  step 2050/2500 loss=0.039 acc=0.988 ref=0.973 lit=1.000 read_sup=0.000 | ref_ema=0.970
  step 2100/2500 loss=0.025 acc=0.991 ref=0.980 lit=1.000 read_sup=0.000 | ref_ema=0.976
  step 2150/2500 loss=0.009 acc=0.995 ref=0.990 lit=1.000 read_sup=0.000 | ref_ema=0.988
  step 2200/2500 loss=0.010 acc=0.995 ref=0.990 lit=1.000 read_sup=0.000 | ref_ema=0.993
  step 2250/2500 loss=0.006 acc=0.998 ref=0.996 lit=1.000 read_sup=0.000 | ref_ema=0.994
  step 2300/2500 loss=0.012 acc=0.997 ref=0.994 lit=1.000 read_sup=0.000 | ref_ema=0.995
  step 2350/2500 loss=0.007 acc=0.998 ref=0.996 lit=1.000 read_sup=0.000 | ref_ema=0.996
  step 2400/2500 loss=0.006 acc=0.999 ref=0.997 lit=1.000 read_sup=0.000 | ref_ema=0.998
  step 2450/2500 loss=0.005 acc=0.997 ref=0.994 lit=1.000 read_sup=0.000 | ref_ema=0.996
  step 2500/2500 loss=0.002 acc=0.999 ref=0.999 lit=1.000 read_sup=0.000 | ref_ema=0.996
[arm K1] lit_acc=1.000 ref_acc=0.999 (chance 0.10) delay={1: 1.0, 2: 1.0, 3: 1.0, 4: 1.0, 5: 1.0, 6: 1.0}
    layer γ=0.0: Δ1:0.11, Δ2:0.10, Δ3:0.10, Δ4:0.13, Δ5:0.14, Δ6:0.07
    layer γ=0.7: Δ1:0.72, Δ2:0.20, Δ3:0.13, Δ4:0.14, Δ5:0.14, Δ6:0.14
    layer γ=0.95: Δ1:0.80, Δ2:0.52, Δ3:0.40, Δ4:0.41, Δ5:0.17, Δ6:0.33
    layer γ=0.99: Δ1:0.76, Δ2:0.63, Δ3:0.70, Δ4:0.55, Δ5:0.52, Δ6:0.51

----- K1 seed 1 -----
[arm K1] trainable=401,304 device=cuda decays=[0.0, 0.7, 0.95, 0.99] read=ON | session
  step   50/2500 loss=0.907 acc=0.688 ref=0.538 lit=0.813 read_sup=0.000 | ref_ema=0.453
  step  100/2500 loss=0.511 acc=0.799 ref=0.571 lit=0.992 read_sup=0.000 | ref_ema=0.556
  step  150/2500 loss=0.466 acc=0.815 ref=0.599 lit=0.995 read_sup=0.000 | ref_ema=0.587
  step  200/2500 loss=0.452 acc=0.801 ref=0.549 lit=1.000 read_sup=0.000 | ref_ema=0.594
  step  250/2500 loss=0.414 acc=0.826 ref=0.611 lit=1.000 read_sup=0.000 | ref_ema=0.602
  step  300/2500 loss=0.430 acc=0.814 ref=0.599 lit=1.000 read_sup=0.000 | ref_ema=0.599
  step  350/2500 loss=0.438 acc=0.803 ref=0.571 lit=0.998 read_sup=0.000 | ref_ema=0.603
  step  400/2500 loss=0.381 acc=0.837 ref=0.661 lit=1.000 read_sup=0.000 | ref_ema=0.617
  step  450/2500 loss=0.342 acc=0.839 ref=0.661 lit=1.000 read_sup=0.000 | ref_ema=0.644
  step  500/2500 loss=0.313 acc=0.858 ref=0.686 lit=0.999 read_sup=0.000 | ref_ema=0.661
  step  550/2500 loss=0.285 acc=0.861 ref=0.696 lit=1.000 read_sup=0.000 | ref_ema=0.721
  step  600/2500 loss=0.229 acc=0.899 ref=0.788 lit=1.000 read_sup=0.000 | ref_ema=0.742
  step  650/2500 loss=0.215 acc=0.898 ref=0.774 lit=1.000 read_sup=0.000 | ref_ema=0.741
  step  700/2500 loss=0.234 acc=0.883 ref=0.740 lit=1.000 read_sup=0.000 | ref_ema=0.756
  step  750/2500 loss=0.248 acc=0.880 ref=0.740 lit=0.996 read_sup=0.000 | ref_ema=0.758
  step  800/2500 loss=0.207 acc=0.910 ref=0.807 lit=1.000 read_sup=0.000 | ref_ema=0.769
  step  850/2500 loss=0.202 acc=0.896 ref=0.769 lit=1.000 read_sup=0.000 | ref_ema=0.776
  step  900/2500 loss=0.200 acc=0.904 ref=0.791 lit=1.000 read_sup=0.000 | ref_ema=0.777
  step  950/2500 loss=0.198 acc=0.898 ref=0.786 lit=1.000 read_sup=0.000 | ref_ema=0.781
  step 1000/2500 loss=0.180 acc=0.910 ref=0.795 lit=1.000 read_sup=0.000 | ref_ema=0.785
  step 1050/2500 loss=0.167 acc=0.926 ref=0.846 lit=0.995 read_sup=0.000 | ref_ema=0.807
  step 1100/2500 loss=0.154 acc=0.929 ref=0.844 lit=1.000 read_sup=0.000 | ref_ema=0.827
  step 1150/2500 loss=0.137 acc=0.933 ref=0.855 lit=1.000 read_sup=0.000 | ref_ema=0.844
  step 1200/2500 loss=0.115 acc=0.947 ref=0.887 lit=1.000 read_sup=0.000 | ref_ema=0.854
  step 1250/2500 loss=0.115 acc=0.949 ref=0.885 lit=1.000 read_sup=0.000 | ref_ema=0.872
  step 1300/2500 loss=0.101 acc=0.959 ref=0.909 lit=1.000 read_sup=0.000 | ref_ema=0.898
  step 1350/2500 loss=0.065 acc=0.971 ref=0.939 lit=1.000 read_sup=0.000 | ref_ema=0.921
  step 1400/2500 loss=0.064 acc=0.975 ref=0.948 lit=1.000 read_sup=0.000 | ref_ema=0.937
  step 1450/2500 loss=0.065 acc=0.975 ref=0.943 lit=1.000 read_sup=0.000 | ref_ema=0.952
  step 1500/2500 loss=0.035 acc=0.990 ref=0.977 lit=1.000 read_sup=0.000 | ref_ema=0.970
  step 1550/2500 loss=0.028 acc=0.989 ref=0.978 lit=0.999 read_sup=0.000 | ref_ema=0.980
  step 1600/2500 loss=0.018 acc=0.995 ref=0.990 lit=0.999 read_sup=0.000 | ref_ema=0.984
  step 1650/2500 loss=0.017 acc=0.992 ref=0.983 lit=1.000 read_sup=0.000 | ref_ema=0.988
  step 1700/2500 loss=0.010 acc=0.999 ref=0.997 lit=1.000 read_sup=0.000 | ref_ema=0.992
  step 1750/2500 loss=0.015 acc=0.995 ref=0.990 lit=1.000 read_sup=0.000 | ref_ema=0.992
  step 1800/2500 loss=0.006 acc=0.997 ref=0.994 lit=1.000 read_sup=0.000 | ref_ema=0.994
  step 1850/2500 loss=0.002 acc=1.000 ref=1.000 lit=1.000 read_sup=0.000 | ref_ema=0.995
  step 1900/2500 loss=0.011 acc=0.997 ref=0.994 lit=1.000 read_sup=0.000 | ref_ema=0.996
  step 1950/2500 loss=0.012 acc=0.997 ref=0.994 lit=0.999 read_sup=0.000 | ref_ema=0.993
  step 2000/2500 loss=0.012 acc=0.995 ref=0.991 lit=0.998 read_sup=0.000 | ref_ema=0.995
  step 2050/2500 loss=0.005 acc=0.998 ref=0.996 lit=1.000 read_sup=0.000 | ref_ema=0.994
  step 2100/2500 loss=0.001 acc=0.999 ref=0.999 lit=1.000 read_sup=0.000 | ref_ema=0.998
  step 2150/2500 loss=0.003 acc=0.999 ref=0.997 lit=1.000 read_sup=0.000 | ref_ema=0.997
  step 2200/2500 loss=0.003 acc=0.999 ref=0.999 lit=1.000 read_sup=0.000 | ref_ema=0.998
  step 2250/2500 loss=0.003 acc=0.999 ref=0.997 lit=1.000 read_sup=0.000 | ref_ema=0.998
  step 2300/2500 loss=0.007 acc=0.997 ref=0.994 lit=1.000 read_sup=0.000 | ref_ema=0.995
  step 2350/2500 loss=0.012 acc=0.996 ref=0.991 lit=1.000 read_sup=0.000 | ref_ema=0.994
  step 2400/2500 loss=0.001 acc=1.000 ref=1.000 lit=1.000 read_sup=0.000 | ref_ema=0.996
  step 2450/2500 loss=0.002 acc=0.999 ref=0.999 lit=1.000 read_sup=0.000 | ref_ema=0.998
  step 2500/2500 loss=0.003 acc=0.999 ref=0.999 lit=1.000 read_sup=0.000 | ref_ema=0.996
[arm K1] lit_acc=1.000 ref_acc=0.996 (chance 0.10) delay={1: 1.0, 2: 1.0, 3: 1.0, 4: 0.99, 5: 0.99, 6: 0.98}
    layer γ=0.0: Δ1:0.10, Δ2:0.11, Δ3:0.11, Δ4:0.15, Δ5:0.05, Δ6:0.13
    layer γ=0.7: Δ1:0.41, Δ2:0.16, Δ3:0.11, Δ4:0.09, Δ5:0.11, Δ6:0.10
    layer γ=0.95: Δ1:0.48, Δ2:0.34, Δ3:0.32, Δ4:0.24, Δ5:0.27, Δ6:0.29
    layer γ=0.99: Δ1:0.24, Δ2:0.22, Δ3:0.30, Δ4:0.20, Δ5:0.27, Δ6:0.22

----- K1 seed 2 -----
[arm K1] trainable=401,304 device=cuda decays=[0.0, 0.7, 0.95, 0.99] read=ON | session
  step   50/2500 loss=1.025 acc=0.653 ref=0.557 lit=0.735 read_sup=0.000 | ref_ema=0.433
  step  100/2500 loss=0.583 acc=0.768 ref=0.503 lit=0.992 read_sup=0.000 | ref_ema=0.557
  step  150/2500 loss=0.466 acc=0.812 ref=0.581 lit=1.000 read_sup=0.000 | ref_ema=0.599
  step  200/2500 loss=0.483 acc=0.789 ref=0.564 lit=0.981 read_sup=0.000 | ref_ema=0.592
  step  250/2500 loss=0.431 acc=0.812 ref=0.573 lit=0.999 read_sup=0.000 | ref_ema=0.592
  step  300/2500 loss=0.436 acc=0.811 ref=0.601 lit=1.000 read_sup=0.000 | ref_ema=0.590
  step  350/2500 loss=0.403 acc=0.820 ref=0.604 lit=0.999 read_sup=0.000 | ref_ema=0.596
  step  400/2500 loss=0.376 acc=0.833 ref=0.611 lit=1.000 read_sup=0.000 | ref_ema=0.598
  step  450/2500 loss=0.396 acc=0.827 ref=0.622 lit=0.999 read_sup=0.000 | ref_ema=0.597
  step  500/2500 loss=0.396 acc=0.827 ref=0.636 lit=0.999 read_sup=0.000 | ref_ema=0.619
  step  550/2500 loss=0.328 acc=0.844 ref=0.665 lit=1.000 read_sup=0.000 | ref_ema=0.668
  step  600/2500 loss=0.336 acc=0.840 ref=0.669 lit=1.000 read_sup=0.000 | ref_ema=0.680
  step  650/2500 loss=0.286 acc=0.859 ref=0.698 lit=1.000 read_sup=0.000 | ref_ema=0.690
  step  700/2500 loss=0.314 acc=0.855 ref=0.690 lit=1.000 read_sup=0.000 | ref_ema=0.693
  step  750/2500 loss=0.249 acc=0.883 ref=0.739 lit=0.997 read_sup=0.000 | ref_ema=0.739
  step  800/2500 loss=0.183 acc=0.920 ref=0.828 lit=0.998 read_sup=0.000 | ref_ema=0.809
  step  850/2500 loss=0.112 acc=0.959 ref=0.909 lit=0.999 read_sup=0.000 | ref_ema=0.883
  step  900/2500 loss=0.051 acc=0.981 ref=0.968 lit=0.993 read_sup=0.000 | ref_ema=0.954
  step  950/2500 loss=0.013 acc=0.997 ref=0.993 lit=1.000 read_sup=0.000 | ref_ema=0.983
  step 1000/2500 loss=0.005 acc=0.999 ref=0.997 lit=1.000 read_sup=0.000 | ref_ema=0.993
  step 1050/2500 loss=0.003 acc=1.000 ref=1.000 lit=1.000 read_sup=0.000 | ref_ema=0.998
  step 1100/2500 loss=0.001 acc=0.999 ref=0.999 lit=1.000 read_sup=0.000 | ref_ema=0.999
  step 1150/2500 loss=0.000 acc=1.000 ref=1.000 lit=1.000 read_sup=0.000 | ref_ema=1.000
  step 1200/2500 loss=0.007 acc=0.997 ref=0.995 lit=1.000 read_sup=0.000 | ref_ema=0.998
  step 1250/2500 loss=0.005 acc=0.998 ref=0.996 lit=1.000 read_sup=0.000 | ref_ema=0.997
  step 1300/2500 loss=0.000 acc=1.000 ref=1.000 lit=1.000 read_sup=0.000 | ref_ema=0.998
  step 1350/2500 loss=0.000 acc=1.000 ref=1.000 lit=1.000 read_sup=0.000 | ref_ema=0.998
  step 1400/2500 loss=0.001 acc=1.000 ref=1.000 lit=1.000 read_sup=0.000 | ref_ema=0.999
  step 1450/2500 loss=0.005 acc=0.999 ref=0.997 lit=1.000 read_sup=0.000 | ref_ema=0.998
  step 1500/2500 loss=0.001 acc=1.000 ref=1.000 lit=1.000 read_sup=0.000 | ref_ema=0.999
  step 1550/2500 loss=0.000 acc=1.000 ref=1.000 lit=1.000 read_sup=0.000 | ref_ema=1.000
  step 1600/2500 loss=0.000 acc=1.000 ref=1.000 lit=1.000 read_sup=0.000 | ref_ema=1.000
  step 1650/2500 loss=0.000 acc=1.000 ref=1.000 lit=1.000 read_sup=0.000 | ref_ema=1.000
  step 1700/2500 loss=0.000 acc=1.000 ref=1.000 lit=1.000 read_sup=0.000 | ref_ema=1.000
  step 1750/2500 loss=0.000 acc=1.000 ref=1.000 lit=1.000 read_sup=0.000 | ref_ema=1.000
  step 1800/2500 loss=0.000 acc=1.000 ref=1.000 lit=1.000 read_sup=0.000 | ref_ema=1.000
  step 1850/2500 loss=0.000 acc=1.000 ref=1.000 lit=1.000 read_sup=0.000 | ref_ema=1.000
  step 1900/2500 loss=0.000 acc=1.000 ref=1.000 lit=1.000 read_sup=0.000 | ref_ema=1.000
  step 1950/2500 loss=0.000 acc=1.000 ref=1.000 lit=1.000 read_sup=0.000 | ref_ema=1.000
  step 2000/2500 loss=0.000 acc=1.000 ref=1.000 lit=1.000 read_sup=0.000 | ref_ema=1.000
  step 2050/2500 loss=0.000 acc=1.000 ref=1.000 lit=1.000 read_sup=0.000 | ref_ema=1.000
  step 2100/2500 loss=0.000 acc=1.000 ref=1.000 lit=1.000 read_sup=0.000 | ref_ema=1.000
  step 2150/2500 loss=0.000 acc=1.000 ref=1.000 lit=1.000 read_sup=0.000 | ref_ema=1.000
  step 2200/2500 loss=0.000 acc=1.000 ref=1.000 lit=1.000 read_sup=0.000 | ref_ema=1.000
  step 2250/2500 loss=0.000 acc=1.000 ref=1.000 lit=1.000 read_sup=0.000 | ref_ema=1.000
  step 2300/2500 loss=0.000 acc=1.000 ref=1.000 lit=1.000 read_sup=0.000 | ref_ema=1.000
  step 2350/2500 loss=0.000 acc=1.000 ref=1.000 lit=1.000 read_sup=0.000 | ref_ema=1.000
  step 2400/2500 loss=0.000 acc=1.000 ref=1.000 lit=1.000 read_sup=0.000 | ref_ema=1.000
  step 2450/2500 loss=0.000 acc=1.000 ref=1.000 lit=1.000 read_sup=0.000 | ref_ema=1.000
  step 2500/2500 loss=0.000 acc=1.000 ref=1.000 lit=1.000 read_sup=0.000 | ref_ema=1.000
[arm K1] lit_acc=1.000 ref_acc=1.000 (chance 0.10) delay={1: 1.0, 2: 1.0, 3: 1.0, 4: 1.0, 5: 1.0, 6: 1.0}
    layer γ=0.0: Δ1:0.09, Δ2:0.11, Δ3:0.07, Δ4:0.09, Δ5:0.16, Δ6:0.11
    layer γ=0.7: Δ1:1.00, Δ2:0.32, Δ3:0.22, Δ4:0.10, Δ5:0.14, Δ6:0.08
    layer γ=0.95: Δ1:0.34, Δ2:0.40, Δ3:0.32, Δ4:0.23, Δ5:0.19, Δ6:0.29
    layer γ=0.99: Δ1:0.55, Δ2:0.32, Δ3:0.27, Δ4:0.24, Δ5:0.24, Δ6:0.17
[arm K1] 3-seed ref_acc=0.998±0.002

wrote agi_demo/outputs/p5a/depth_hebb_slots6/metrics.json
wrote figures to agi_demo/outputs/p5a/depth_hebb_slots6/

============================================================
SUMMARY (session)
============================================================
arm K1: ref_acc=1.00±0.00 lit_acc=1.00 (chance 0.10)
Reading: K1/K2 ref_acc >> chance ⇒ the native kernel USES memory (Proj-3 got 0.10). K0 (read severed) ≈ chance ⇒ it's the associative READ that matters.
