
============================================================
ARM K0
============================================================
[arm K0] trainable=401,560 device=cuda decays=[0.0, 0.7, 0.95, 0.99] read=SEVERED | session
  step   50/2500 loss=2.310 acc=0.091 ref=0.093 lit=0.090 read_sup=0.000 | ref_ema=0.094
  step  100/2500 loss=2.308 acc=0.104 ref=0.081 lit=0.121 read_sup=0.000 | ref_ema=0.095
  step  150/2500 loss=2.309 acc=0.104 ref=0.104 lit=0.104 read_sup=0.000 | ref_ema=0.104
  step  200/2500 loss=2.308 acc=0.081 ref=0.088 lit=0.075 read_sup=0.000 | ref_ema=0.099
  step  250/2500 loss=2.303 acc=0.105 ref=0.127 lit=0.090 read_sup=0.000 | ref_ema=0.102
  step  300/2500 loss=2.304 acc=0.102 ref=0.102 lit=0.101 read_sup=0.000 | ref_ema=0.102
  step  350/2500 loss=2.312 acc=0.081 ref=0.088 lit=0.076 read_sup=0.000 | ref_ema=0.102
  step  400/2500 loss=2.309 acc=0.103 ref=0.110 lit=0.098 read_sup=0.000 | ref_ema=0.101
  step  450/2500 loss=2.315 acc=0.095 ref=0.105 lit=0.088 read_sup=0.000 | ref_ema=0.101
  step  500/2500 loss=2.310 acc=0.092 ref=0.094 lit=0.092 read_sup=0.000 | ref_ema=0.098
  step  550/2500 loss=2.310 acc=0.108 ref=0.138 lit=0.087 read_sup=0.000 | ref_ema=0.100
  step  600/2500 loss=2.304 acc=0.098 ref=0.108 lit=0.090 read_sup=0.000 | ref_ema=0.101
  step  650/2500 loss=2.306 acc=0.105 ref=0.076 lit=0.126 read_sup=0.000 | ref_ema=0.098
  step  700/2500 loss=2.302 acc=0.126 ref=0.115 lit=0.135 read_sup=0.000 | ref_ema=0.101
  step  750/2500 loss=2.304 acc=0.094 ref=0.081 lit=0.103 read_sup=0.000 | ref_ema=0.098
  step  800/2500 loss=2.307 acc=0.103 ref=0.086 lit=0.116 read_sup=0.000 | ref_ema=0.097
  step  850/2500 loss=2.306 acc=0.092 ref=0.086 lit=0.097 read_sup=0.000 | ref_ema=0.098
  step  900/2500 loss=2.305 acc=0.111 ref=0.109 lit=0.112 read_sup=0.000 | ref_ema=0.104
  step  950/2500 loss=2.308 acc=0.094 ref=0.082 lit=0.103 read_sup=0.000 | ref_ema=0.100
  step 1000/2500 loss=2.306 acc=0.115 ref=0.097 lit=0.126 read_sup=0.000 | ref_ema=0.101
  step 1050/2500 loss=2.305 acc=0.094 ref=0.099 lit=0.089 read_sup=0.000 | ref_ema=0.100
  step 1100/2500 loss=2.305 acc=0.096 ref=0.069 lit=0.116 read_sup=0.000 | ref_ema=0.103
  step 1150/2500 loss=2.302 acc=0.103 ref=0.109 lit=0.098 read_sup=0.000 | ref_ema=0.098
  step 1200/2500 loss=2.307 acc=0.083 ref=0.077 lit=0.088 read_sup=0.000 | ref_ema=0.101
  step 1250/2500 loss=2.307 acc=0.085 ref=0.087 lit=0.083 read_sup=0.000 | ref_ema=0.101
  step 1300/2500 loss=2.310 acc=0.095 ref=0.087 lit=0.101 read_sup=0.000 | ref_ema=0.101
  step 1350/2500 loss=2.304 acc=0.105 ref=0.105 lit=0.106 read_sup=0.000 | ref_ema=0.102
  step 1400/2500 loss=2.304 acc=0.096 ref=0.087 lit=0.104 read_sup=0.000 | ref_ema=0.096
  step 1450/2500 loss=2.313 acc=0.079 ref=0.068 lit=0.088 read_sup=0.000 | ref_ema=0.102
  step 1500/2500 loss=2.303 acc=0.094 ref=0.078 lit=0.105 read_sup=0.000 | ref_ema=0.094
  step 1550/2500 loss=2.305 acc=0.072 ref=0.063 lit=0.078 read_sup=0.000 | ref_ema=0.098
  step 1600/2500 loss=2.304 acc=0.094 ref=0.100 lit=0.089 read_sup=0.000 | ref_ema=0.100
  step 1650/2500 loss=2.303 acc=0.102 ref=0.088 lit=0.110 read_sup=0.000 | ref_ema=0.099
  step 1700/2500 loss=2.304 acc=0.107 ref=0.110 lit=0.104 read_sup=0.000 | ref_ema=0.101
  step 1750/2500 loss=2.304 acc=0.096 ref=0.114 lit=0.084 read_sup=0.000 | ref_ema=0.099
  step 1800/2500 loss=2.304 acc=0.103 ref=0.107 lit=0.100 read_sup=0.000 | ref_ema=0.102
  step 1850/2500 loss=2.304 acc=0.094 ref=0.104 lit=0.086 read_sup=0.000 | ref_ema=0.102
  step 1900/2500 loss=2.304 acc=0.089 ref=0.080 lit=0.094 read_sup=0.000 | ref_ema=0.099
  step 1950/2500 loss=2.301 acc=0.113 ref=0.116 lit=0.111 read_sup=0.000 | ref_ema=0.094
  step 2000/2500 loss=2.304 acc=0.099 ref=0.079 lit=0.113 read_sup=0.000 | ref_ema=0.102
  step 2050/2500 loss=2.303 acc=0.094 ref=0.079 lit=0.104 read_sup=0.000 | ref_ema=0.100
  step 2100/2500 loss=2.302 acc=0.100 ref=0.096 lit=0.104 read_sup=0.000 | ref_ema=0.102
  step 2150/2500 loss=2.303 acc=0.112 ref=0.127 lit=0.101 read_sup=0.000 | ref_ema=0.101
  step 2200/2500 loss=2.304 acc=0.081 ref=0.078 lit=0.083 read_sup=0.000 | ref_ema=0.099
  step 2250/2500 loss=2.303 acc=0.092 ref=0.080 lit=0.102 read_sup=0.000 | ref_ema=0.099
  step 2300/2500 loss=2.303 acc=0.115 ref=0.114 lit=0.115 read_sup=0.000 | ref_ema=0.101
  step 2350/2500 loss=2.303 acc=0.099 ref=0.108 lit=0.092 read_sup=0.000 | ref_ema=0.098
  step 2400/2500 loss=2.303 acc=0.082 ref=0.098 lit=0.070 read_sup=0.000 | ref_ema=0.103
  step 2450/2500 loss=2.302 acc=0.112 ref=0.114 lit=0.111 read_sup=0.000 | ref_ema=0.101
  step 2500/2500 loss=2.302 acc=0.098 ref=0.128 lit=0.077 read_sup=0.000 | ref_ema=0.102
[arm K0] lit_acc=0.097 ref_acc=0.100 (chance 0.10) delay={1: 0.09, 2: 0.13, 3: 0.07, 4: 0.07, 5: 0.13}

============================================================
ARM K1
============================================================
[arm K1] trainable=401,560 device=cuda decays=[0.0, 0.7, 0.95, 0.99] read=ON | session
  step   50/2500 loss=2.312 acc=0.089 ref=0.096 lit=0.084 read_sup=0.000 | ref_ema=0.094
  step  100/2500 loss=2.306 acc=0.107 ref=0.084 lit=0.123 read_sup=0.000 | ref_ema=0.102
  step  150/2500 loss=2.296 acc=0.137 ref=0.123 lit=0.147 read_sup=0.000 | ref_ema=0.107
  step  200/2500 loss=2.299 acc=0.096 ref=0.085 lit=0.105 read_sup=0.000 | ref_ema=0.104
  step  250/2500 loss=2.280 acc=0.137 ref=0.152 lit=0.126 read_sup=0.000 | ref_ema=0.110
  step  300/2500 loss=1.937 acc=0.168 ref=0.132 lit=0.196 read_sup=0.000 | ref_ema=0.137
  step  350/2500 loss=1.798 acc=0.191 ref=0.176 lit=0.202 read_sup=0.000 | ref_ema=0.153
  step  400/2500 loss=1.764 acc=0.208 ref=0.171 lit=0.234 read_sup=0.000 | ref_ema=0.164
  step  450/2500 loss=1.727 acc=0.212 ref=0.197 lit=0.223 read_sup=0.000 | ref_ema=0.171
  step  500/2500 loss=1.651 acc=0.311 ref=0.184 lit=0.402 read_sup=0.000 | ref_ema=0.175
  step  550/2500 loss=1.412 acc=0.341 ref=0.214 lit=0.431 read_sup=0.000 | ref_ema=0.217
  step  600/2500 loss=1.234 acc=0.421 ref=0.283 lit=0.521 read_sup=0.000 | ref_ema=0.268
  step  650/2500 loss=1.130 acc=0.496 ref=0.315 lit=0.621 read_sup=0.000 | ref_ema=0.297
  step  700/2500 loss=0.779 acc=0.710 ref=0.402 lit=0.943 read_sup=0.000 | ref_ema=0.345
  step  750/2500 loss=0.581 acc=0.796 ref=0.512 lit=0.998 read_sup=0.000 | ref_ema=0.496
  step  800/2500 loss=0.488 acc=0.812 ref=0.592 lit=0.984 read_sup=0.000 | ref_ema=0.592
  step  850/2500 loss=0.314 acc=0.887 ref=0.724 lit=1.000 read_sup=0.000 | ref_ema=0.683
  step  900/2500 loss=0.235 acc=0.919 ref=0.802 lit=1.000 read_sup=0.000 | ref_ema=0.738
  step  950/2500 loss=0.247 acc=0.913 ref=0.807 lit=0.993 read_sup=0.000 | ref_ema=0.804
  step 1000/2500 loss=0.166 acc=0.943 ref=0.852 lit=1.000 read_sup=0.000 | ref_ema=0.837
  step 1050/2500 loss=0.164 acc=0.945 ref=0.886 lit=0.991 read_sup=0.000 | ref_ema=0.845
  step 1100/2500 loss=0.202 acc=0.931 ref=0.844 lit=0.993 read_sup=0.000 | ref_ema=0.848
  step 1150/2500 loss=0.142 acc=0.948 ref=0.888 lit=0.995 read_sup=0.000 | ref_ema=0.866
  step 1200/2500 loss=0.166 acc=0.938 ref=0.868 lit=0.989 read_sup=0.000 | ref_ema=0.889
  step 1250/2500 loss=0.120 acc=0.958 ref=0.901 lit=1.000 read_sup=0.000 | ref_ema=0.914
  step 1300/2500 loss=0.111 acc=0.964 ref=0.922 lit=0.995 read_sup=0.000 | ref_ema=0.938
  step 1350/2500 loss=0.064 acc=0.978 ref=0.950 lit=1.000 read_sup=0.000 | ref_ema=0.948
  step 1400/2500 loss=0.047 acc=0.984 ref=0.965 lit=1.000 read_sup=0.000 | ref_ema=0.956
  step 1450/2500 loss=0.040 acc=0.988 ref=0.972 lit=1.000 read_sup=0.000 | ref_ema=0.958
  step 1500/2500 loss=0.058 acc=0.979 ref=0.953 lit=0.998 read_sup=0.000 | ref_ema=0.951
  step 1550/2500 loss=0.066 acc=0.975 ref=0.952 lit=0.993 read_sup=0.000 | ref_ema=0.956
  step 1600/2500 loss=0.038 acc=0.987 ref=0.969 lit=1.000 read_sup=0.000 | ref_ema=0.962
  step 1650/2500 loss=0.070 acc=0.980 ref=0.951 lit=1.000 read_sup=0.000 | ref_ema=0.957
  step 1700/2500 loss=0.064 acc=0.974 ref=0.943 lit=0.998 read_sup=0.000 | ref_ema=0.954
  step 1750/2500 loss=0.060 acc=0.979 ref=0.951 lit=1.000 read_sup=0.000 | ref_ema=0.961
  step 1800/2500 loss=0.039 acc=0.986 ref=0.965 lit=1.000 read_sup=0.000 | ref_ema=0.964
  step 1850/2500 loss=0.047 acc=0.982 ref=0.957 lit=1.000 read_sup=0.000 | ref_ema=0.957
  step 1900/2500 loss=0.030 acc=0.987 ref=0.972 lit=0.998 read_sup=0.000 | ref_ema=0.959
  step 1950/2500 loss=0.058 acc=0.978 ref=0.950 lit=0.998 read_sup=0.000 | ref_ema=0.962
  step 2000/2500 loss=0.022 acc=0.992 ref=0.981 lit=1.000 read_sup=0.000 | ref_ema=0.965
  step 2050/2500 loss=0.053 acc=0.980 ref=0.951 lit=1.000 read_sup=0.000 | ref_ema=0.963
  step 2100/2500 loss=0.068 acc=0.971 ref=0.936 lit=0.996 read_sup=0.000 | ref_ema=0.954
  step 2150/2500 loss=0.034 acc=0.984 ref=0.963 lit=1.000 read_sup=0.000 | ref_ema=0.966
  step 2200/2500 loss=0.019 acc=0.992 ref=0.982 lit=1.000 read_sup=0.000 | ref_ema=0.971
  step 2250/2500 loss=0.023 acc=0.991 ref=0.979 lit=1.000 read_sup=0.000 | ref_ema=0.969
  step 2300/2500 loss=0.011 acc=0.996 ref=0.994 lit=0.998 read_sup=0.000 | ref_ema=0.983
  step 2350/2500 loss=0.012 acc=0.997 ref=0.997 lit=0.998 read_sup=0.000 | ref_ema=0.992
  step 2400/2500 loss=0.006 acc=0.999 ref=1.000 lit=0.998 read_sup=0.000 | ref_ema=0.992
  step 2450/2500 loss=0.009 acc=0.996 ref=0.994 lit=0.998 read_sup=0.000 | ref_ema=0.996
  step 2500/2500 loss=0.003 acc=0.999 ref=1.000 lit=0.998 read_sup=0.000 | ref_ema=0.996
[arm K1] lit_acc=0.999 ref_acc=0.998 (chance 0.10) delay={1: 1.0, 2: 1.0, 3: 1.0, 4: 1.0, 5: 1.0}
    layer γ=0.0: Δ1:0.10, Δ2:0.13, Δ3:0.14, Δ4:0.08
    layer γ=0.7: Δ1:0.67, Δ2:0.12, Δ3:0.09, Δ4:0.06
    layer γ=0.95: Δ1:0.30, Δ2:0.16, Δ3:0.20, Δ4:0.14
    layer γ=0.99: Δ1:0.37, Δ2:0.25, Δ3:0.15, Δ4:0.08

============================================================
ARM K2
============================================================
[arm K2] trainable=401,560 device=cuda decays=[0.0, 0.7, 0.95, 0.99] read=ON | session
  step   50/2500 loss=2.888 acc=0.096 ref=0.102 lit=0.092 read_sup=1.152 | ref_ema=0.095
  step  100/2500 loss=2.786 acc=0.121 ref=0.131 lit=0.114 read_sup=0.972 | ref_ema=0.111
  step  150/2500 loss=2.444 acc=0.086 ref=0.086 lit=0.086 read_sup=0.280 | ref_ema=0.107
  step  200/2500 loss=2.313 acc=0.102 ref=0.097 lit=0.105 read_sup=0.023 | ref_ema=0.109
  step  250/2500 loss=2.302 acc=0.096 ref=0.102 lit=0.092 read_sup=0.003 | ref_ema=0.110
  step  300/2500 loss=2.290 acc=0.104 ref=0.111 lit=0.099 read_sup=0.003 | ref_ema=0.108
  step  350/2500 loss=2.294 acc=0.076 ref=0.094 lit=0.062 read_sup=0.003 | ref_ema=0.112
  step  400/2500 loss=2.298 acc=0.096 ref=0.100 lit=0.094 read_sup=0.010 | ref_ema=0.112
  step  450/2500 loss=2.295 acc=0.099 ref=0.108 lit=0.093 read_sup=0.002 | ref_ema=0.108
  step  500/2500 loss=2.299 acc=0.113 ref=0.125 lit=0.105 read_sup=0.005 | ref_ema=0.112
  step  550/2500 loss=2.287 acc=0.103 ref=0.091 lit=0.111 read_sup=0.002 | ref_ema=0.111
  step  600/2500 loss=2.279 acc=0.116 ref=0.123 lit=0.111 read_sup=0.005 | ref_ema=0.118
  step  650/2500 loss=2.109 acc=0.180 ref=0.223 lit=0.150 read_sup=0.001 | ref_ema=0.160
  step  700/2500 loss=1.121 acc=0.452 ref=0.495 lit=0.419 read_sup=0.004 | ref_ema=0.428
  step  750/2500 loss=0.896 acc=0.559 ref=0.537 lit=0.574 read_sup=0.004 | ref_ema=0.525
  step  800/2500 loss=0.174 acc=0.953 ref=0.926 lit=0.975 read_sup=0.021 | ref_ema=0.820
  step  850/2500 loss=0.081 acc=0.982 ref=0.959 lit=0.998 read_sup=0.001 | ref_ema=0.940
  step  900/2500 loss=0.020 acc=0.995 ref=0.987 lit=1.000 read_sup=0.000 | ref_ema=0.981
  step  950/2500 loss=0.021 acc=0.997 ref=0.997 lit=0.998 read_sup=0.000 | ref_ema=0.989
  step 1000/2500 loss=0.014 acc=0.995 ref=0.987 lit=1.000 read_sup=0.000 | ref_ema=0.993
  step 1050/2500 loss=0.005 acc=1.000 ref=1.000 lit=1.000 read_sup=0.000 | ref_ema=0.996
  step 1100/2500 loss=0.012 acc=0.997 ref=0.994 lit=1.000 read_sup=0.000 | ref_ema=0.998
  step 1150/2500 loss=0.038 acc=0.996 ref=0.991 lit=1.000 read_sup=0.000 | ref_ema=0.997
  step 1200/2500 loss=0.008 acc=0.996 ref=0.997 lit=0.995 read_sup=0.000 | ref_ema=0.994
  step 1250/2500 loss=0.002 acc=0.999 ref=1.000 lit=0.998 read_sup=0.000 | ref_ema=0.999
  step 1300/2500 loss=0.014 acc=0.997 ref=0.997 lit=0.998 read_sup=0.000 | ref_ema=0.999
  step 1350/2500 loss=0.003 acc=0.999 ref=0.997 lit=1.000 read_sup=0.000 | ref_ema=0.999
  step 1400/2500 loss=0.023 acc=0.996 ref=0.994 lit=0.998 read_sup=0.000 | ref_ema=0.993
  step 1450/2500 loss=0.014 acc=0.996 ref=0.994 lit=0.998 read_sup=0.000 | ref_ema=0.995
  step 1500/2500 loss=0.004 acc=0.999 ref=1.000 lit=0.998 read_sup=0.000 | ref_ema=0.997
  step 1550/2500 loss=0.013 acc=0.997 ref=0.994 lit=1.000 read_sup=0.000 | ref_ema=0.998
  step 1600/2500 loss=0.001 acc=1.000 ref=1.000 lit=1.000 read_sup=0.000 | ref_ema=0.999
  step 1650/2500 loss=0.000 acc=1.000 ref=1.000 lit=1.000 read_sup=0.000 | ref_ema=0.999
  step 1700/2500 loss=0.004 acc=0.999 ref=0.997 lit=1.000 read_sup=0.000 | ref_ema=0.998
  step 1750/2500 loss=0.002 acc=0.999 ref=0.997 lit=1.000 read_sup=0.000 | ref_ema=0.999
  step 1800/2500 loss=0.000 acc=1.000 ref=1.000 lit=1.000 read_sup=0.000 | ref_ema=1.000
  step 1850/2500 loss=0.001 acc=1.000 ref=1.000 lit=1.000 read_sup=0.000 | ref_ema=1.000
  step 1900/2500 loss=0.000 acc=1.000 ref=1.000 lit=1.000 read_sup=0.000 | ref_ema=1.000
  step 1950/2500 loss=0.078 acc=0.993 ref=0.987 lit=0.998 read_sup=0.000 | ref_ema=0.998
  step 2000/2500 loss=0.004 acc=1.000 ref=1.000 lit=1.000 read_sup=0.000 | ref_ema=0.998
  step 2050/2500 loss=0.002 acc=1.000 ref=1.000 lit=1.000 read_sup=0.000 | ref_ema=0.998
  step 2100/2500 loss=0.023 acc=0.990 ref=0.994 lit=0.987 read_sup=0.000 | ref_ema=0.996
  step 2150/2500 loss=0.012 acc=0.995 ref=0.991 lit=0.998 read_sup=0.000 | ref_ema=0.993
  step 2200/2500 loss=0.004 acc=0.999 ref=0.997 lit=1.000 read_sup=0.000 | ref_ema=0.995
  step 2250/2500 loss=0.002 acc=0.999 ref=0.997 lit=1.000 read_sup=0.000 | ref_ema=0.999
  step 2300/2500 loss=0.001 acc=1.000 ref=1.000 lit=1.000 read_sup=0.000 | ref_ema=1.000
  step 2350/2500 loss=0.000 acc=1.000 ref=1.000 lit=1.000 read_sup=0.000 | ref_ema=1.000
  step 2400/2500 loss=0.000 acc=1.000 ref=1.000 lit=1.000 read_sup=0.000 | ref_ema=1.000
  step 2450/2500 loss=0.000 acc=1.000 ref=1.000 lit=1.000 read_sup=0.000 | ref_ema=1.000
  step 2500/2500 loss=0.000 acc=1.000 ref=1.000 lit=1.000 read_sup=0.000 | ref_ema=1.000
[arm K2] lit_acc=1.000 ref_acc=1.000 (chance 0.10) delay={1: 1.0, 2: 1.0, 3: 1.0, 4: 1.0, 5: 1.0}
    layer γ=0.0: Δ1:0.10, Δ2:0.13, Δ3:0.14, Δ4:0.03
    layer γ=0.7: Δ1:0.27, Δ2:0.10, Δ3:0.09, Δ4:0.11
    layer γ=0.95: Δ1:0.33, Δ2:0.14, Δ3:0.09, Δ4:0.06
    layer γ=0.99: Δ1:1.00, Δ2:1.00, Δ3:1.00, Δ4:1.00

wrote agi_demo/outputs/kernel/session_hebbian/metrics.json
wrote figures to agi_demo/outputs/kernel/session_hebbian/

============================================================
SUMMARY (session)
============================================================
arm K0: ref_acc=0.10 lit_acc=0.10 (chance 0.10)
arm K1: ref_acc=1.00 lit_acc=1.00 (chance 0.10)
arm K2: ref_acc=1.00 lit_acc=1.00 (chance 0.10)
Reading: K1/K2 ref_acc >> chance ⇒ the native kernel USES memory (Proj-3 got 0.10). K0 (read severed) ≈ chance ⇒ it's the associative READ that matters.
