
============================================================
ARM K1
============================================================

----- K1 seed 0 -----
[arm K1] trainable=401,304 device=cuda decays=[0.0, 0.7, 0.95, 0.99] read=ON | session
  step   50/2500 loss=0.527 acc=0.831 ref=0.615 lit=1.000 read_sup=0.000 | ref_ema=0.455
  step  100/2500 loss=0.352 acc=0.888 ref=0.760 lit=1.000 read_sup=0.000 | ref_ema=0.670
  step  150/2500 loss=0.121 acc=0.967 ref=0.929 lit=1.000 read_sup=0.000 | ref_ema=0.851
  step  200/2500 loss=0.010 acc=0.998 ref=0.996 lit=1.000 read_sup=0.000 | ref_ema=0.973
  step  250/2500 loss=0.002 acc=0.999 ref=0.999 lit=1.000 read_sup=0.000 | ref_ema=0.996
  step  300/2500 loss=0.001 acc=1.000 ref=1.000 lit=1.000 read_sup=0.000 | ref_ema=0.999
  step  350/2500 loss=0.001 acc=1.000 ref=1.000 lit=1.000 read_sup=0.000 | ref_ema=1.000
  step  400/2500 loss=0.000 acc=1.000 ref=1.000 lit=1.000 read_sup=0.000 | ref_ema=1.000
  step  450/2500 loss=0.000 acc=1.000 ref=1.000 lit=1.000 read_sup=0.000 | ref_ema=1.000
  step  500/2500 loss=0.000 acc=1.000 ref=1.000 lit=1.000 read_sup=0.000 | ref_ema=1.000
  step  550/2500 loss=0.000 acc=1.000 ref=1.000 lit=1.000 read_sup=0.000 | ref_ema=1.000
  step  600/2500 loss=0.000 acc=1.000 ref=1.000 lit=1.000 read_sup=0.000 | ref_ema=1.000
  step  650/2500 loss=0.000 acc=1.000 ref=1.000 lit=1.000 read_sup=0.000 | ref_ema=1.000
  step  700/2500 loss=0.000 acc=1.000 ref=1.000 lit=1.000 read_sup=0.000 | ref_ema=1.000
  step  750/2500 loss=0.000 acc=1.000 ref=1.000 lit=1.000 read_sup=0.000 | ref_ema=1.000
  step  800/2500 loss=0.000 acc=1.000 ref=1.000 lit=1.000 read_sup=0.000 | ref_ema=1.000
  step  850/2500 loss=0.000 acc=1.000 ref=1.000 lit=1.000 read_sup=0.000 | ref_ema=1.000
  step  900/2500 loss=0.000 acc=1.000 ref=1.000 lit=1.000 read_sup=0.000 | ref_ema=1.000
  step  950/2500 loss=0.000 acc=1.000 ref=1.000 lit=1.000 read_sup=0.000 | ref_ema=1.000
  step 1000/2500 loss=0.000 acc=1.000 ref=1.000 lit=1.000 read_sup=0.000 | ref_ema=1.000
  step 1050/2500 loss=0.000 acc=1.000 ref=1.000 lit=1.000 read_sup=0.000 | ref_ema=1.000
  step 1100/2500 loss=0.000 acc=1.000 ref=1.000 lit=1.000 read_sup=0.000 | ref_ema=1.000
  step 1150/2500 loss=0.000 acc=1.000 ref=1.000 lit=1.000 read_sup=0.000 | ref_ema=1.000
  step 1200/2500 loss=0.000 acc=1.000 ref=1.000 lit=1.000 read_sup=0.000 | ref_ema=1.000
  step 1250/2500 loss=0.000 acc=1.000 ref=1.000 lit=1.000 read_sup=0.000 | ref_ema=1.000
  step 1300/2500 loss=0.000 acc=1.000 ref=1.000 lit=1.000 read_sup=0.000 | ref_ema=1.000
  step 1350/2500 loss=0.000 acc=1.000 ref=1.000 lit=1.000 read_sup=0.000 | ref_ema=1.000
  step 1400/2500 loss=0.000 acc=1.000 ref=1.000 lit=1.000 read_sup=0.000 | ref_ema=1.000
  step 1450/2500 loss=0.000 acc=1.000 ref=1.000 lit=1.000 read_sup=0.000 | ref_ema=1.000
  step 1500/2500 loss=0.000 acc=1.000 ref=1.000 lit=1.000 read_sup=0.000 | ref_ema=1.000
  step 1550/2500 loss=0.000 acc=1.000 ref=1.000 lit=1.000 read_sup=0.000 | ref_ema=1.000
  step 1600/2500 loss=0.000 acc=1.000 ref=1.000 lit=1.000 read_sup=0.000 | ref_ema=1.000
  step 1650/2500 loss=0.000 acc=1.000 ref=1.000 lit=1.000 read_sup=0.000 | ref_ema=1.000
  step 1700/2500 loss=0.000 acc=1.000 ref=1.000 lit=1.000 read_sup=0.000 | ref_ema=1.000
  step 1750/2500 loss=0.000 acc=1.000 ref=1.000 lit=1.000 read_sup=0.000 | ref_ema=1.000
  step 1800/2500 loss=0.000 acc=1.000 ref=1.000 lit=1.000 read_sup=0.000 | ref_ema=1.000
  step 1850/2500 loss=0.000 acc=1.000 ref=1.000 lit=1.000 read_sup=0.000 | ref_ema=1.000
  step 1900/2500 loss=0.000 acc=1.000 ref=1.000 lit=1.000 read_sup=0.000 | ref_ema=1.000
  step 1950/2500 loss=0.000 acc=1.000 ref=1.000 lit=1.000 read_sup=0.000 | ref_ema=1.000
  step 2000/2500 loss=0.000 acc=1.000 ref=1.000 lit=1.000 read_sup=0.000 | ref_ema=1.000
  step 2050/2500 loss=0.000 acc=1.000 ref=1.000 lit=1.000 read_sup=0.000 | ref_ema=1.000
  step 2100/2500 loss=0.000 acc=1.000 ref=1.000 lit=1.000 read_sup=0.000 | ref_ema=1.000
  step 2150/2500 loss=0.000 acc=1.000 ref=1.000 lit=1.000 read_sup=0.000 | ref_ema=1.000
  step 2200/2500 loss=0.000 acc=1.000 ref=1.000 lit=1.000 read_sup=0.000 | ref_ema=1.000
  step 2250/2500 loss=0.000 acc=1.000 ref=1.000 lit=1.000 read_sup=0.000 | ref_ema=1.000
  step 2300/2500 loss=0.000 acc=1.000 ref=1.000 lit=1.000 read_sup=0.000 | ref_ema=1.000
  step 2350/2500 loss=0.000 acc=1.000 ref=1.000 lit=1.000 read_sup=0.000 | ref_ema=1.000
  step 2400/2500 loss=0.000 acc=1.000 ref=1.000 lit=1.000 read_sup=0.000 | ref_ema=1.000
  step 2450/2500 loss=0.000 acc=1.000 ref=1.000 lit=1.000 read_sup=0.000 | ref_ema=1.000
  step 2500/2500 loss=0.000 acc=1.000 ref=1.000 lit=1.000 read_sup=0.000 | ref_ema=1.000
[arm K1] lit_acc=1.000 ref_acc=1.000 (chance 0.10) delay={1: 1.0, 2: 1.0, 3: 1.0, 4: 1.0, 5: 1.0, 6: 1.0}
    layer γ=0.0: Δ1:0.10, Δ2:0.08, Δ3:0.10, Δ4:0.10, Δ5:0.14, Δ6:0.12
    layer γ=0.7: Δ1:0.23, Δ2:0.14, Δ3:0.16, Δ4:0.13, Δ5:0.15, Δ6:0.10
    layer γ=0.95: Δ1:0.71, Δ2:0.57, Δ3:0.37, Δ4:0.45, Δ5:0.26, Δ6:0.20
    layer γ=0.99: Δ1:0.32, Δ2:0.35, Δ3:0.24, Δ4:0.34, Δ5:0.24, Δ6:0.26

----- K1 seed 1 -----
[arm K1] trainable=401,304 device=cuda decays=[0.0, 0.7, 0.95, 0.99] read=ON | session
  step   50/2500 loss=0.612 acc=0.801 ref=0.565 lit=1.000 read_sup=0.000 | ref_ema=0.430
  step  100/2500 loss=0.431 acc=0.841 ref=0.652 lit=1.000 read_sup=0.000 | ref_ema=0.610
  step  150/2500 loss=0.216 acc=0.924 ref=0.834 lit=1.000 read_sup=0.000 | ref_ema=0.751
  step  200/2500 loss=0.060 acc=0.979 ref=0.953 lit=1.000 read_sup=0.000 | ref_ema=0.899
  step  250/2500 loss=0.005 acc=0.999 ref=0.997 lit=1.000 read_sup=0.000 | ref_ema=0.979
  step  300/2500 loss=0.001 acc=1.000 ref=1.000 lit=1.000 read_sup=0.000 | ref_ema=0.998
  step  350/2500 loss=0.000 acc=1.000 ref=1.000 lit=1.000 read_sup=0.000 | ref_ema=1.000
  step  400/2500 loss=0.004 acc=0.999 ref=0.997 lit=1.000 read_sup=0.000 | ref_ema=0.999
  step  450/2500 loss=0.010 acc=0.996 ref=0.992 lit=1.000 read_sup=0.000 | ref_ema=0.997
  step  500/2500 loss=0.007 acc=0.998 ref=0.996 lit=1.000 read_sup=0.000 | ref_ema=0.998
  step  550/2500 loss=0.000 acc=1.000 ref=1.000 lit=1.000 read_sup=0.000 | ref_ema=1.000
  step  600/2500 loss=0.000 acc=1.000 ref=1.000 lit=1.000 read_sup=0.000 | ref_ema=1.000
  step  650/2500 loss=0.000 acc=1.000 ref=1.000 lit=1.000 read_sup=0.000 | ref_ema=1.000
  step  700/2500 loss=0.000 acc=1.000 ref=1.000 lit=1.000 read_sup=0.000 | ref_ema=1.000
  step  750/2500 loss=0.000 acc=1.000 ref=1.000 lit=1.000 read_sup=0.000 | ref_ema=1.000
  step  800/2500 loss=0.000 acc=1.000 ref=1.000 lit=1.000 read_sup=0.000 | ref_ema=1.000
  step  850/2500 loss=0.000 acc=1.000 ref=1.000 lit=1.000 read_sup=0.000 | ref_ema=1.000
  step  900/2500 loss=0.000 acc=1.000 ref=1.000 lit=1.000 read_sup=0.000 | ref_ema=1.000
  step  950/2500 loss=0.000 acc=1.000 ref=1.000 lit=1.000 read_sup=0.000 | ref_ema=1.000
  step 1000/2500 loss=0.000 acc=1.000 ref=1.000 lit=1.000 read_sup=0.000 | ref_ema=1.000
  step 1050/2500 loss=0.000 acc=1.000 ref=1.000 lit=1.000 read_sup=0.000 | ref_ema=1.000
  step 1100/2500 loss=0.000 acc=1.000 ref=1.000 lit=1.000 read_sup=0.000 | ref_ema=1.000
  step 1150/2500 loss=0.000 acc=1.000 ref=1.000 lit=1.000 read_sup=0.000 | ref_ema=1.000
  step 1200/2500 loss=0.000 acc=1.000 ref=1.000 lit=1.000 read_sup=0.000 | ref_ema=1.000
  step 1250/2500 loss=0.000 acc=1.000 ref=1.000 lit=1.000 read_sup=0.000 | ref_ema=1.000
  step 1300/2500 loss=0.000 acc=1.000 ref=1.000 lit=1.000 read_sup=0.000 | ref_ema=1.000
  step 1350/2500 loss=0.000 acc=1.000 ref=1.000 lit=1.000 read_sup=0.000 | ref_ema=1.000
  step 1400/2500 loss=0.000 acc=1.000 ref=1.000 lit=1.000 read_sup=0.000 | ref_ema=1.000
  step 1450/2500 loss=0.000 acc=1.000 ref=1.000 lit=1.000 read_sup=0.000 | ref_ema=1.000
  step 1500/2500 loss=0.000 acc=1.000 ref=1.000 lit=1.000 read_sup=0.000 | ref_ema=1.000
  step 1550/2500 loss=0.000 acc=1.000 ref=1.000 lit=1.000 read_sup=0.000 | ref_ema=1.000
  step 1600/2500 loss=0.000 acc=1.000 ref=1.000 lit=1.000 read_sup=0.000 | ref_ema=1.000
  step 1650/2500 loss=0.000 acc=1.000 ref=1.000 lit=1.000 read_sup=0.000 | ref_ema=1.000
  step 1700/2500 loss=0.000 acc=1.000 ref=1.000 lit=1.000 read_sup=0.000 | ref_ema=1.000
  step 1750/2500 loss=0.000 acc=1.000 ref=1.000 lit=1.000 read_sup=0.000 | ref_ema=1.000
  step 1800/2500 loss=0.000 acc=1.000 ref=1.000 lit=1.000 read_sup=0.000 | ref_ema=1.000
  step 1850/2500 loss=0.000 acc=1.000 ref=1.000 lit=1.000 read_sup=0.000 | ref_ema=1.000
  step 1900/2500 loss=0.000 acc=1.000 ref=1.000 lit=1.000 read_sup=0.000 | ref_ema=1.000
  step 1950/2500 loss=0.000 acc=1.000 ref=1.000 lit=1.000 read_sup=0.000 | ref_ema=1.000
  step 2000/2500 loss=0.000 acc=1.000 ref=1.000 lit=1.000 read_sup=0.000 | ref_ema=1.000
  step 2050/2500 loss=0.000 acc=1.000 ref=1.000 lit=1.000 read_sup=0.000 | ref_ema=1.000
  step 2100/2500 loss=0.000 acc=1.000 ref=1.000 lit=1.000 read_sup=0.000 | ref_ema=1.000
  step 2150/2500 loss=0.000 acc=1.000 ref=1.000 lit=1.000 read_sup=0.000 | ref_ema=1.000
  step 2200/2500 loss=0.000 acc=1.000 ref=1.000 lit=1.000 read_sup=0.000 | ref_ema=1.000
  step 2250/2500 loss=0.000 acc=1.000 ref=1.000 lit=1.000 read_sup=0.000 | ref_ema=1.000
  step 2300/2500 loss=0.000 acc=1.000 ref=1.000 lit=1.000 read_sup=0.000 | ref_ema=1.000
  step 2350/2500 loss=0.000 acc=1.000 ref=1.000 lit=1.000 read_sup=0.000 | ref_ema=1.000
  step 2400/2500 loss=0.000 acc=1.000 ref=1.000 lit=1.000 read_sup=0.000 | ref_ema=1.000
  step 2450/2500 loss=0.000 acc=1.000 ref=1.000 lit=1.000 read_sup=0.000 | ref_ema=1.000
  step 2500/2500 loss=0.000 acc=1.000 ref=1.000 lit=1.000 read_sup=0.000 | ref_ema=1.000
[arm K1] lit_acc=1.000 ref_acc=1.000 (chance 0.10) delay={1: 1.0, 2: 1.0, 3: 1.0, 4: 1.0, 5: 1.0, 6: 1.0}
    layer γ=0.0: Δ1:0.10, Δ2:0.11, Δ3:0.11, Δ4:0.12, Δ5:0.05, Δ6:0.13
    layer γ=0.7: Δ1:0.36, Δ2:0.16, Δ3:0.11, Δ4:0.11, Δ5:0.10, Δ6:0.20
    layer γ=0.95: Δ1:0.50, Δ2:0.50, Δ3:0.29, Δ4:0.14, Δ5:0.08, Δ6:0.16
    layer γ=0.99: Δ1:0.47, Δ2:0.48, Δ3:0.37, Δ4:0.21, Δ5:0.15, Δ6:0.18

----- K1 seed 2 -----
[arm K1] trainable=401,304 device=cuda decays=[0.0, 0.7, 0.95, 0.99] read=ON | session
  step   50/2500 loss=0.528 acc=0.833 ref=0.636 lit=1.000 read_sup=0.000 | ref_ema=0.445
  step  100/2500 loss=0.317 acc=0.891 ref=0.761 lit=1.000 read_sup=0.000 | ref_ema=0.711
  step  150/2500 loss=0.028 acc=0.992 ref=0.983 lit=1.000 read_sup=0.000 | ref_ema=0.923
  step  200/2500 loss=0.005 acc=0.999 ref=0.997 lit=1.000 read_sup=0.000 | ref_ema=0.987
  step  250/2500 loss=0.001 acc=1.000 ref=1.000 lit=1.000 read_sup=0.000 | ref_ema=0.998
  step  300/2500 loss=0.006 acc=0.999 ref=0.997 lit=1.000 read_sup=0.000 | ref_ema=0.996
  step  350/2500 loss=0.001 acc=1.000 ref=1.000 lit=1.000 read_sup=0.000 | ref_ema=0.999
  step  400/2500 loss=0.000 acc=1.000 ref=1.000 lit=1.000 read_sup=0.000 | ref_ema=1.000
  step  450/2500 loss=0.000 acc=1.000 ref=1.000 lit=1.000 read_sup=0.000 | ref_ema=1.000
  step  500/2500 loss=0.000 acc=1.000 ref=1.000 lit=1.000 read_sup=0.000 | ref_ema=1.000
  step  550/2500 loss=0.000 acc=1.000 ref=1.000 lit=1.000 read_sup=0.000 | ref_ema=1.000
  step  600/2500 loss=0.000 acc=1.000 ref=1.000 lit=1.000 read_sup=0.000 | ref_ema=1.000
  step  650/2500 loss=0.000 acc=1.000 ref=1.000 lit=1.000 read_sup=0.000 | ref_ema=1.000
  step  700/2500 loss=0.000 acc=1.000 ref=1.000 lit=1.000 read_sup=0.000 | ref_ema=1.000
  step  750/2500 loss=0.000 acc=1.000 ref=1.000 lit=1.000 read_sup=0.000 | ref_ema=1.000
  step  800/2500 loss=0.000 acc=1.000 ref=1.000 lit=1.000 read_sup=0.000 | ref_ema=1.000
  step  850/2500 loss=0.000 acc=1.000 ref=1.000 lit=1.000 read_sup=0.000 | ref_ema=1.000
  step  900/2500 loss=0.000 acc=1.000 ref=1.000 lit=1.000 read_sup=0.000 | ref_ema=1.000
  step  950/2500 loss=0.000 acc=1.000 ref=1.000 lit=1.000 read_sup=0.000 | ref_ema=1.000
  step 1000/2500 loss=0.000 acc=1.000 ref=1.000 lit=1.000 read_sup=0.000 | ref_ema=1.000
  step 1050/2500 loss=0.000 acc=1.000 ref=1.000 lit=1.000 read_sup=0.000 | ref_ema=1.000
  step 1100/2500 loss=0.000 acc=1.000 ref=1.000 lit=1.000 read_sup=0.000 | ref_ema=1.000
  step 1150/2500 loss=0.000 acc=1.000 ref=1.000 lit=1.000 read_sup=0.000 | ref_ema=1.000
  step 1200/2500 loss=0.000 acc=1.000 ref=1.000 lit=1.000 read_sup=0.000 | ref_ema=1.000
  step 1250/2500 loss=0.000 acc=1.000 ref=1.000 lit=1.000 read_sup=0.000 | ref_ema=1.000
  step 1300/2500 loss=0.000 acc=1.000 ref=1.000 lit=1.000 read_sup=0.000 | ref_ema=1.000
  step 1350/2500 loss=0.000 acc=1.000 ref=1.000 lit=1.000 read_sup=0.000 | ref_ema=1.000
  step 1400/2500 loss=0.000 acc=1.000 ref=1.000 lit=1.000 read_sup=0.000 | ref_ema=1.000
  step 1450/2500 loss=0.000 acc=1.000 ref=1.000 lit=1.000 read_sup=0.000 | ref_ema=1.000
  step 1500/2500 loss=0.000 acc=1.000 ref=1.000 lit=1.000 read_sup=0.000 | ref_ema=1.000
  step 1550/2500 loss=0.000 acc=1.000 ref=1.000 lit=1.000 read_sup=0.000 | ref_ema=1.000
  step 1600/2500 loss=0.000 acc=1.000 ref=1.000 lit=1.000 read_sup=0.000 | ref_ema=1.000
  step 1650/2500 loss=0.000 acc=1.000 ref=1.000 lit=1.000 read_sup=0.000 | ref_ema=1.000
  step 1700/2500 loss=0.000 acc=1.000 ref=1.000 lit=1.000 read_sup=0.000 | ref_ema=1.000
  step 1750/2500 loss=0.000 acc=1.000 ref=1.000 lit=1.000 read_sup=0.000 | ref_ema=1.000
  step 1800/2500 loss=0.000 acc=1.000 ref=1.000 lit=1.000 read_sup=0.000 | ref_ema=1.000
  step 1850/2500 loss=0.000 acc=1.000 ref=1.000 lit=1.000 read_sup=0.000 | ref_ema=1.000
  step 1900/2500 loss=0.000 acc=1.000 ref=1.000 lit=1.000 read_sup=0.000 | ref_ema=1.000
  step 1950/2500 loss=0.000 acc=1.000 ref=1.000 lit=1.000 read_sup=0.000 | ref_ema=1.000
  step 2000/2500 loss=0.000 acc=1.000 ref=1.000 lit=1.000 read_sup=0.000 | ref_ema=1.000
  step 2050/2500 loss=0.000 acc=1.000 ref=1.000 lit=1.000 read_sup=0.000 | ref_ema=1.000
  step 2100/2500 loss=0.007 acc=0.997 ref=0.994 lit=1.000 read_sup=0.000 | ref_ema=0.966
  step 2150/2500 loss=0.000 acc=1.000 ref=1.000 lit=1.000 read_sup=0.000 | ref_ema=0.996
  step 2200/2500 loss=0.000 acc=1.000 ref=1.000 lit=1.000 read_sup=0.000 | ref_ema=0.999
  step 2250/2500 loss=0.000 acc=1.000 ref=1.000 lit=1.000 read_sup=0.000 | ref_ema=1.000
  step 2300/2500 loss=0.000 acc=1.000 ref=1.000 lit=1.000 read_sup=0.000 | ref_ema=1.000
  step 2350/2500 loss=0.000 acc=1.000 ref=1.000 lit=1.000 read_sup=0.000 | ref_ema=1.000
  step 2400/2500 loss=0.000 acc=1.000 ref=1.000 lit=1.000 read_sup=0.000 | ref_ema=1.000
  step 2450/2500 loss=0.000 acc=1.000 ref=1.000 lit=1.000 read_sup=0.000 | ref_ema=1.000
  step 2500/2500 loss=0.000 acc=1.000 ref=1.000 lit=1.000 read_sup=0.000 | ref_ema=1.000
[arm K1] lit_acc=1.000 ref_acc=1.000 (chance 0.10) delay={1: 1.0, 2: 1.0, 3: 1.0, 4: 1.0, 5: 1.0, 6: 1.0}
    layer γ=0.0: Δ1:0.21, Δ2:0.11, Δ3:0.07, Δ4:0.09, Δ5:0.18, Δ6:0.11
    layer γ=0.7: Δ1:0.34, Δ2:0.16, Δ3:0.09, Δ4:0.10, Δ5:0.18, Δ6:0.08
    layer γ=0.95: Δ1:0.22, Δ2:0.20, Δ3:0.17, Δ4:0.19, Δ5:0.12, Δ6:0.12
    layer γ=0.99: Δ1:0.46, Δ2:0.41, Δ3:0.35, Δ4:0.30, Δ5:0.39, Δ6:0.24
[arm K1] 3-seed ref_acc=1.000±0.000

wrote agi_demo/outputs/p5a/depth_delta_slots6/metrics.json
wrote figures to agi_demo/outputs/p5a/depth_delta_slots6/

============================================================
SUMMARY (session)
============================================================
arm K1: ref_acc=1.00 lit_acc=1.00 (chance 0.10)
Reading: K1/K2 ref_acc >> chance ⇒ the native kernel USES memory (Proj-3 got 0.10). K0 (read severed) ≈ chance ⇒ it's the associative READ that matters.
